I [/home/dp012/Desktop/gitmac/mako-pr/src/deptran/s_main.cc:124] 2025-12-06 12:25:08.049 | PWD : 
I [/home/dp012/Desktop/gitmac/mako-pr/src/deptran/s_main.cc:136] 2025-12-06 12:25:08.049 | starting process 360891
I [/home/dp012/Desktop/gitmac/mako-pr/src/deptran/config.cc:77] 2025-12-06 12:25:08.049 | CreateConfig: argc=12
I [/home/dp012/Desktop/gitmac/mako-pr/src/deptran/config.cc:79] 2025-12-06 12:25:08.049 | argv[0]=./build/deptran_server
I [/home/dp012/Desktop/gitmac/mako-pr/src/deptran/config.cc:79] 2025-12-06 12:25:08.049 | argv[1]=-b
I [/home/dp012/Desktop/gitmac/mako-pr/src/deptran/config.cc:79] 2025-12-06 12:25:08.049 | argv[2]=-d
I [/home/dp012/Desktop/gitmac/mako-pr/src/deptran/config.cc:79] 2025-12-06 12:25:08.049 | argv[3]=30
I [/home/dp012/Desktop/gitmac/mako-pr/src/deptran/config.cc:79] 2025-12-06 12:25:08.049 | argv[4]=-f
I [/home/dp012/Desktop/gitmac/mako-pr/src/deptran/config.cc:79] 2025-12-06 12:25:08.049 | argv[5]=test_det_multipart.yml
I [/home/dp012/Desktop/gitmac/mako-pr/src/deptran/config.cc:79] 2025-12-06 12:25:08.049 | argv[6]=-P
I [/home/dp012/Desktop/gitmac/mako-pr/src/deptran/config.cc:79] 2025-12-06 12:25:08.049 | argv[7]=c1_proc
I [/home/dp012/Desktop/gitmac/mako-pr/src/deptran/config.cc:79] 2025-12-06 12:25:08.049 | argv[8]=-p
I [/home/dp012/Desktop/gitmac/mako-pr/src/deptran/config.cc:79] 2025-12-06 12:25:08.049 | argv[9]=18100
I [/home/dp012/Desktop/gitmac/mako-pr/src/deptran/config.cc:79] 2025-12-06 12:25:08.049 | argv[10]=-t
I [/home/dp012/Desktop/gitmac/mako-pr/src/deptran/config.cc:79] 2025-12-06 12:25:08.049 | argv[11]=180
I [/home/dp012/Desktop/gitmac/mako-pr/src/deptran/config.cc:221] 2025-12-06 12:25:08.049 | CreateConfig: Final duration=30
I [/home/dp012/Desktop/gitmac/mako-pr/src/deptran/config.cc:297] 2025-12-06 12:25:08.049 | LoadYML: test_det_multipart.yml
I [/home/dp012/Desktop/gitmac/mako-pr/src/deptran/config.cc:696] 2025-12-06 12:25:08.053 | group size: 2
I [/home/dp012/Desktop/gitmac/mako-pr/src/deptran/config.cc:696] 2025-12-06 12:25:08.053 | group size: 2
I [/home/dp012/Desktop/gitmac/mako-pr/src/deptran/config.cc:696] 2025-12-06 12:25:08.053 | group size: 2
I [/home/dp012/Desktop/gitmac/mako-pr/src/deptran/config.cc:696] 2025-12-06 12:25:08.053 | group size: 2
I [/home/dp012/Desktop/gitmac/mako-pr/src/deptran/config.cc:696] 2025-12-06 12:25:08.053 | group size: 2
I [/home/dp012/Desktop/gitmac/mako-pr/src/deptran/config.cc:696] 2025-12-06 12:25:08.053 | group size: 2
I [/home/dp012/Desktop/gitmac/mako-pr/src/deptran/config.cc:696] 2025-12-06 12:25:08.053 | group size: 2
I [/home/dp012/Desktop/gitmac/mako-pr/src/deptran/config.cc:696] 2025-12-06 12:25:08.053 | group size: 2
I [/home/dp012/Desktop/gitmac/mako-pr/src/deptran/config.cc:696] 2025-12-06 12:25:08.053 | group size: 2
I [/home/dp012/Desktop/gitmac/mako-pr/src/deptran/config.cc:720] 2025-12-06 12:25:08.053 | client forwarding: 0
I [/home/dp012/Desktop/gitmac/mako-pr/src/deptran/s_main.cc:25] 2025-12-06 12:25:08.053 | client_setup_heartbeat in client_setup_heartbeat
I [/home/dp012/Desktop/gitmac/mako-pr/src/deptran/s_main.cc:41] 2025-12-06 12:25:08.053 | Start control server on port 18100
I [/home/dp012/Desktop/gitmac/mako-pr/src/rrr/reactor/reactor.cc:297] 2025-12-06 12:25:08.053 | PollThreadWorker::poll_loop wait 1
I [/home/dp012/Desktop/gitmac/mako-pr/src/deptran/s_main.cc:49] 2025-12-06 12:25:08.053 | client enabled, number of sites: 1
I [/home/dp012/Desktop/gitmac/mako-pr/src/deptran/communicator.cc:14] 2025-12-06 12:25:08.058 | setup paxos communicator
I [/home/dp012/Desktop/gitmac/mako-pr/src/deptran/communicator.cc:174] 2025-12-06 12:25:08.058 | connect to site: 127.0.0.1:18101 (attempt 0)
I [/home/dp012/Desktop/gitmac/mako-pr/src/deptran/communicator.cc:174] 2025-12-06 12:25:08.058 | connect to site: 127.0.0.1:18102 (attempt 0)
I [/home/dp012/Desktop/gitmac/mako-pr/src/deptran/client_worker.cc:162] 2025-12-06 12:25:08.059 | Work: 2
I [/home/dp012/Desktop/gitmac/mako-pr/src/deptran/communicator.cc:75] 2025-12-06 12:25:08.065 | Done waiting to connect to client leaders.
I [/home/dp012/Desktop/gitmac/mako-pr/src/deptran/client_worker.cc:171] 2025-12-06 12:25:08.065 | waiting for start signal
I [/home/dp012/Desktop/gitmac/mako-pr/src/deptran/benchmark_control_rpc.cc:310] 2025-12-06 12:25:08.065 | ClientControlServiceImpl::wait_for_start enter 0
I [/home/dp012/Desktop/gitmac/mako-pr/src/deptran/benchmark_control_rpc.cc:315] 2025-12-06 12:25:08.065 | ClientControlServiceImpl::wait_for_start all ready
I [/home/dp012/Desktop/gitmac/mako-pr/src/deptran/benchmark_control_rpc.cc:323] 2025-12-06 12:25:08.065 | ClientControlServiceImpl::wait_for_start waiting, status: 1
I [/home/dp012/Desktop/gitmac/mako-pr/src/rrr/reactor/reactor.cc:297] 2025-12-06 12:25:08.648 | PollThreadWorker::poll_loop wait 1001
I [/home/dp012/Desktop/gitmac/mako-pr/src/rrr/reactor/reactor.cc:297] 2025-12-06 12:25:09.234 | PollThreadWorker::poll_loop wait 2001
I [/home/dp012/Desktop/gitmac/mako-pr/src/rrr/reactor/reactor.cc:297] 2025-12-06 12:25:09.823 | PollThreadWorker::poll_loop wait 3001
I [/home/dp012/Desktop/gitmac/mako-pr/src/rrr/reactor/reactor.cc:297] 2025-12-06 12:25:10.397 | PollThreadWorker::poll_loop wait 4001
I [/home/dp012/Desktop/gitmac/mako-pr/src/rrr/reactor/reactor.cc:297] 2025-12-06 12:25:10.963 | PollThreadWorker::poll_loop wait 5001
I [/home/dp012/Desktop/gitmac/mako-pr/src/rrr/reactor/reactor.cc:297] 2025-12-06 12:25:11.540 | PollThreadWorker::poll_loop wait 6001
I [/home/dp012/Desktop/gitmac/mako-pr/src/rrr/reactor/reactor.cc:297] 2025-12-06 12:25:12.111 | PollThreadWorker::poll_loop wait 7001
I [/home/dp012/Desktop/gitmac/mako-pr/src/rrr/reactor/reactor.cc:297] 2025-12-06 12:25:12.699 | PollThreadWorker::poll_loop wait 8001
I [/home/dp012/Desktop/gitmac/mako-pr/src/rrr/reactor/reactor.cc:297] 2025-12-06 12:25:13.271 | PollThreadWorker::poll_loop wait 9001
I [/home/dp012/Desktop/gitmac/mako-pr/src/rrr/reactor/reactor.cc:297] 2025-12-06 12:25:13.837 | PollThreadWorker::poll_loop wait 10001
I [/home/dp012/Desktop/gitmac/mako-pr/src/rrr/reactor/reactor.cc:297] 2025-12-06 12:25:14.397 | PollThreadWorker::poll_loop wait 11001
I [/home/dp012/Desktop/gitmac/mako-pr/src/rrr/reactor/reactor.cc:297] 2025-12-06 12:25:14.986 | PollThreadWorker::poll_loop wait 12001
I [/home/dp012/Desktop/gitmac/mako-pr/src/rrr/reactor/reactor.cc:297] 2025-12-06 12:25:15.550 | PollThreadWorker::poll_loop wait 13001
I [/home/dp012/Desktop/gitmac/mako-pr/src/rrr/reactor/reactor.cc:297] 2025-12-06 12:25:16.121 | PollThreadWorker::poll_loop wait 14001
I [/home/dp012/Desktop/gitmac/mako-pr/src/rrr/reactor/reactor.cc:297] 2025-12-06 12:25:16.690 | PollThreadWorker::poll_loop wait 15001
I [/home/dp012/Desktop/gitmac/mako-pr/src/rrr/reactor/reactor.cc:297] 2025-12-06 12:25:17.273 | PollThreadWorker::poll_loop wait 16001
I [/home/dp012/Desktop/gitmac/mako-pr/src/rrr/reactor/reactor.cc:297] 2025-12-06 12:25:17.849 | PollThreadWorker::poll_loop wait 17001
I [/home/dp012/Desktop/gitmac/mako-pr/src/rrr/reactor/reactor.cc:297] 2025-12-06 12:25:18.429 | PollThreadWorker::poll_loop wait 18001
I [/home/dp012/Desktop/gitmac/mako-pr/src/rrr/reactor/reactor.cc:297] 2025-12-06 12:25:19.005 | PollThreadWorker::poll_loop wait 19001
I [/home/dp012/Desktop/gitmac/mako-pr/src/rrr/reactor/reactor.cc:297] 2025-12-06 12:25:19.571 | PollThreadWorker::poll_loop wait 20001
I [/home/dp012/Desktop/gitmac/mako-pr/src/rrr/reactor/reactor.cc:297] 2025-12-06 12:25:20.135 | PollThreadWorker::poll_loop wait 21001
I [/home/dp012/Desktop/gitmac/mako-pr/src/rrr/reactor/reactor.cc:297] 2025-12-06 12:25:20.693 | PollThreadWorker::poll_loop wait 22001
I [/home/dp012/Desktop/gitmac/mako-pr/src/rrr/reactor/reactor.cc:297] 2025-12-06 12:25:21.259 | PollThreadWorker::poll_loop wait 23001
I [/home/dp012/Desktop/gitmac/mako-pr/src/rrr/reactor/reactor.cc:297] 2025-12-06 12:25:21.827 | PollThreadWorker::poll_loop wait 24001
I [/home/dp012/Desktop/gitmac/mako-pr/src/rrr/reactor/reactor.cc:297] 2025-12-06 12:25:22.392 | PollThreadWorker::poll_loop wait 25001
I [/home/dp012/Desktop/gitmac/mako-pr/src/rrr/reactor/reactor.cc:297] 2025-12-06 12:25:22.957 | PollThreadWorker::poll_loop wait 26001
I [/home/dp012/Desktop/gitmac/mako-pr/src/rrr/reactor/reactor.cc:297] 2025-12-06 12:25:23.528 | PollThreadWorker::poll_loop wait 27001
I [/home/dp012/Desktop/gitmac/mako-pr/src/rrr/reactor/reactor.cc:297] 2025-12-06 12:25:24.087 | PollThreadWorker::poll_loop wait 28001
I [/home/dp012/Desktop/gitmac/mako-pr/src/rrr/reactor/reactor.cc:297] 2025-12-06 12:25:24.678 | PollThreadWorker::poll_loop wait 29001
I [/home/dp012/Desktop/gitmac/mako-pr/src/rrr/reactor/reactor.cc:297] 2025-12-06 12:25:25.258 | PollThreadWorker::poll_loop wait 30001
I [/home/dp012/Desktop/gitmac/mako-pr/src/rrr/reactor/reactor.cc:297] 2025-12-06 12:25:25.833 | PollThreadWorker::poll_loop wait 31001
I [/home/dp012/Desktop/gitmac/mako-pr/src/rrr/reactor/reactor.cc:297] 2025-12-06 12:25:26.394 | PollThreadWorker::poll_loop wait 32001
I [/home/dp012/Desktop/gitmac/mako-pr/src/rrr/reactor/reactor.cc:297] 2025-12-06 12:25:26.953 | PollThreadWorker::poll_loop wait 33001
I [/home/dp012/Desktop/gitmac/mako-pr/src/rrr/reactor/reactor.cc:297] 2025-12-06 12:25:27.547 | PollThreadWorker::poll_loop wait 34001
I [/home/dp012/Desktop/gitmac/mako-pr/src/rrr/reactor/reactor.cc:297] 2025-12-06 12:25:28.129 | PollThreadWorker::poll_loop wait 35001
I [/home/dp012/Desktop/gitmac/mako-pr/src/rrr/reactor/reactor.cc:297] 2025-12-06 12:25:28.701 | PollThreadWorker::poll_loop wait 36001
I [/home/dp012/Desktop/gitmac/mako-pr/src/rrr/reactor/reactor.cc:297] 2025-12-06 12:25:29.296 | PollThreadWorker::poll_loop wait 37001
I [/home/dp012/Desktop/gitmac/mako-pr/src/rrr/reactor/reactor.cc:297] 2025-12-06 12:25:29.868 | PollThreadWorker::poll_loop wait 38001
I [/home/dp012/Desktop/gitmac/mako-pr/src/rrr/reactor/reactor.cc:297] 2025-12-06 12:25:30.437 | PollThreadWorker::poll_loop wait 39001
I [/home/dp012/Desktop/gitmac/mako-pr/src/rrr/reactor/reactor.cc:297] 2025-12-06 12:25:31.002 | PollThreadWorker::poll_loop wait 40001
I [/home/dp012/Desktop/gitmac/mako-pr/src/rrr/reactor/reactor.cc:297] 2025-12-06 12:25:31.565 | PollThreadWorker::poll_loop wait 41001
I [/home/dp012/Desktop/gitmac/mako-pr/src/rrr/reactor/reactor.cc:297] 2025-12-06 12:25:32.126 | PollThreadWorker::poll_loop wait 42001
I [/home/dp012/Desktop/gitmac/mako-pr/src/rrr/reactor/reactor.cc:297] 2025-12-06 12:25:32.687 | PollThreadWorker::poll_loop wait 43001
I [/home/dp012/Desktop/gitmac/mako-pr/src/rrr/reactor/reactor.cc:297] 2025-12-06 12:25:33.251 | PollThreadWorker::poll_loop wait 44001
I [/home/dp012/Desktop/gitmac/mako-pr/src/rrr/reactor/reactor.cc:297] 2025-12-06 12:25:33.822 | PollThreadWorker::poll_loop wait 45001
I [/home/dp012/Desktop/gitmac/mako-pr/src/rrr/reactor/reactor.cc:297] 2025-12-06 12:25:34.392 | PollThreadWorker::poll_loop wait 46001
I [/home/dp012/Desktop/gitmac/mako-pr/src/rrr/reactor/reactor.cc:297] 2025-12-06 12:25:34.964 | PollThreadWorker::poll_loop wait 47001
I [/home/dp012/Desktop/gitmac/mako-pr/src/rrr/reactor/reactor.cc:297] 2025-12-06 12:25:35.550 | PollThreadWorker::poll_loop wait 48001
I [/home/dp012/Desktop/gitmac/mako-pr/src/rrr/reactor/reactor.cc:297] 2025-12-06 12:25:36.111 | PollThreadWorker::poll_loop wait 49001
I [/home/dp012/Desktop/gitmac/mako-pr/src/rrr/reactor/reactor.cc:297] 2025-12-06 12:25:36.680 | PollThreadWorker::poll_loop wait 50001
I [/home/dp012/Desktop/gitmac/mako-pr/src/rrr/reactor/reactor.cc:297] 2025-12-06 12:25:37.256 | PollThreadWorker::poll_loop wait 51001
I [/home/dp012/Desktop/gitmac/mako-pr/src/rrr/reactor/reactor.cc:297] 2025-12-06 12:25:37.825 | PollThreadWorker::poll_loop wait 52001
I [/home/dp012/Desktop/gitmac/mako-pr/src/deptran/s_main.cc:128] 2025-12-06 12:25:38.059 | wait_for_clients: wait for client threads to exit.
I [/home/dp012/Desktop/gitmac/mako-pr/src/rrr/reactor/reactor.cc:297] 2025-12-06 12:25:38.404 | PollThreadWorker::poll_loop wait 53001
I [/home/dp012/Desktop/gitmac/mako-pr/src/rrr/reactor/reactor.cc:297] 2025-12-06 12:25:38.983 | PollThreadWorker::poll_loop wait 54001
I [/home/dp012/Desktop/gitmac/mako-pr/src/rrr/reactor/reactor.cc:297] 2025-12-06 12:25:39.568 | PollThreadWorker::poll_loop wait 55001
I [/home/dp012/Desktop/gitmac/mako-pr/src/rrr/reactor/reactor.cc:297] 2025-12-06 12:25:40.139 | PollThreadWorker::poll_loop wait 56001
I [/home/dp012/Desktop/gitmac/mako-pr/src/rrr/reactor/reactor.cc:297] 2025-12-06 12:25:40.720 | PollThreadWorker::poll_loop wait 57001
I [/home/dp012/Desktop/gitmac/mako-pr/src/rrr/reactor/reactor.cc:297] 2025-12-06 12:25:41.290 | PollThreadWorker::poll_loop wait 58001
I [/home/dp012/Desktop/gitmac/mako-pr/src/rrr/reactor/reactor.cc:297] 2025-12-06 12:25:41.855 | PollThreadWorker::poll_loop wait 59001
I [/home/dp012/Desktop/gitmac/mako-pr/src/rrr/reactor/reactor.cc:297] 2025-12-06 12:25:42.426 | PollThreadWorker::poll_loop wait 60001
I [/home/dp012/Desktop/gitmac/mako-pr/src/rrr/reactor/reactor.cc:297] 2025-12-06 12:25:42.989 | PollThreadWorker::poll_loop wait 61001
I [/home/dp012/Desktop/gitmac/mako-pr/src/rrr/reactor/reactor.cc:297] 2025-12-06 12:25:43.571 | PollThreadWorker::poll_loop wait 62001
I [/home/dp012/Desktop/gitmac/mako-pr/src/rrr/reactor/reactor.cc:297] 2025-12-06 12:25:44.143 | PollThreadWorker::poll_loop wait 63001
I [/home/dp012/Desktop/gitmac/mako-pr/src/rrr/reactor/reactor.cc:297] 2025-12-06 12:25:44.708 | PollThreadWorker::poll_loop wait 64001
I [/home/dp012/Desktop/gitmac/mako-pr/src/rrr/reactor/reactor.cc:297] 2025-12-06 12:25:45.283 | PollThreadWorker::poll_loop wait 65001
I [/home/dp012/Desktop/gitmac/mako-pr/src/rrr/reactor/reactor.cc:297] 2025-12-06 12:25:45.864 | PollThreadWorker::poll_loop wait 66001
I [/home/dp012/Desktop/gitmac/mako-pr/src/rrr/reactor/reactor.cc:297] 2025-12-06 12:25:46.457 | PollThreadWorker::poll_loop wait 67001
I [/home/dp012/Desktop/gitmac/mako-pr/src/rrr/reactor/reactor.cc:297] 2025-12-06 12:25:47.037 | PollThreadWorker::poll_loop wait 68001
I [/home/dp012/Desktop/gitmac/mako-pr/src/rrr/reactor/reactor.cc:297] 2025-12-06 12:25:47.608 | PollThreadWorker::poll_loop wait 69001
I [/home/dp012/Desktop/gitmac/mako-pr/src/rrr/reactor/reactor.cc:297] 2025-12-06 12:25:48.180 | PollThreadWorker::poll_loop wait 70001
I [/home/dp012/Desktop/gitmac/mako-pr/src/rrr/reactor/reactor.cc:297] 2025-12-06 12:25:48.751 | PollThreadWorker::poll_loop wait 71001
I [/home/dp012/Desktop/gitmac/mako-pr/src/rrr/reactor/reactor.cc:297] 2025-12-06 12:25:49.321 | PollThreadWorker::poll_loop wait 72001
I [/home/dp012/Desktop/gitmac/mako-pr/src/rrr/reactor/reactor.cc:297] 2025-12-06 12:25:49.897 | PollThreadWorker::poll_loop wait 73001
I [/home/dp012/Desktop/gitmac/mako-pr/src/rrr/reactor/reactor.cc:297] 2025-12-06 12:25:50.471 | PollThreadWorker::poll_loop wait 74001
I [/home/dp012/Desktop/gitmac/mako-pr/src/rrr/reactor/reactor.cc:297] 2025-12-06 12:25:51.041 | PollThreadWorker::poll_loop wait 75001
I [/home/dp012/Desktop/gitmac/mako-pr/src/rrr/reactor/reactor.cc:297] 2025-12-06 12:25:51.613 | PollThreadWorker::poll_loop wait 76001
I [/home/dp012/Desktop/gitmac/mako-pr/src/rrr/reactor/reactor.cc:297] 2025-12-06 12:25:52.179 | PollThreadWorker::poll_loop wait 77001
I [/home/dp012/Desktop/gitmac/mako-pr/src/rrr/reactor/reactor.cc:297] 2025-12-06 12:25:52.751 | PollThreadWorker::poll_loop wait 78001
I [/home/dp012/Desktop/gitmac/mako-pr/src/rrr/reactor/reactor.cc:297] 2025-12-06 12:25:53.318 | PollThreadWorker::poll_loop wait 79001
I [/home/dp012/Desktop/gitmac/mako-pr/src/rrr/reactor/reactor.cc:297] 2025-12-06 12:25:53.887 | PollThreadWorker::poll_loop wait 80001
I [/home/dp012/Desktop/gitmac/mako-pr/src/rrr/reactor/reactor.cc:297] 2025-12-06 12:25:54.455 | PollThreadWorker::poll_loop wait 81001
I [/home/dp012/Desktop/gitmac/mako-pr/src/rrr/reactor/reactor.cc:297] 2025-12-06 12:25:55.066 | PollThreadWorker::poll_loop wait 82001
I [/home/dp012/Desktop/gitmac/mako-pr/src/rrr/reactor/reactor.cc:297] 2025-12-06 12:25:55.630 | PollThreadWorker::poll_loop wait 83001
I [/home/dp012/Desktop/gitmac/mako-pr/src/rrr/reactor/reactor.cc:297] 2025-12-06 12:25:56.183 | PollThreadWorker::poll_loop wait 84001
I [/home/dp012/Desktop/gitmac/mako-pr/src/rrr/reactor/reactor.cc:297] 2025-12-06 12:25:56.765 | PollThreadWorker::poll_loop wait 85001
I [/home/dp012/Desktop/gitmac/mako-pr/src/rrr/reactor/reactor.cc:297] 2025-12-06 12:25:57.329 | PollThreadWorker::poll_loop wait 86001
I [/home/dp012/Desktop/gitmac/mako-pr/src/rrr/reactor/reactor.cc:297] 2025-12-06 12:25:57.922 | PollThreadWorker::poll_loop wait 87001
I [/home/dp012/Desktop/gitmac/mako-pr/src/rrr/reactor/reactor.cc:297] 2025-12-06 12:25:58.527 | PollThreadWorker::poll_loop wait 88001
I [/home/dp012/Desktop/gitmac/mako-pr/src/rrr/reactor/reactor.cc:297] 2025-12-06 12:25:59.101 | PollThreadWorker::poll_loop wait 89001
I [/home/dp012/Desktop/gitmac/mako-pr/src/rrr/reactor/reactor.cc:297] 2025-12-06 12:25:59.686 | PollThreadWorker::poll_loop wait 90001
I [/home/dp012/Desktop/gitmac/mako-pr/src/rrr/reactor/reactor.cc:297] 2025-12-06 12:26:00.255 | PollThreadWorker::poll_loop wait 91001
I [/home/dp012/Desktop/gitmac/mako-pr/src/rrr/reactor/reactor.cc:297] 2025-12-06 12:26:00.833 | PollThreadWorker::poll_loop wait 92001
I [/home/dp012/Desktop/gitmac/mako-pr/src/rrr/reactor/reactor.cc:297] 2025-12-06 12:26:01.405 | PollThreadWorker::poll_loop wait 93001
I [/home/dp012/Desktop/gitmac/mako-pr/src/rrr/reactor/reactor.cc:297] 2025-12-06 12:26:01.978 | PollThreadWorker::poll_loop wait 94001
I [/home/dp012/Desktop/gitmac/mako-pr/src/rrr/reactor/reactor.cc:297] 2025-12-06 12:26:02.550 | PollThreadWorker::poll_loop wait 95001
I [/home/dp012/Desktop/gitmac/mako-pr/src/rrr/reactor/reactor.cc:297] 2025-12-06 12:26:03.116 | PollThreadWorker::poll_loop wait 96001
I [/home/dp012/Desktop/gitmac/mako-pr/src/rrr/reactor/reactor.cc:297] 2025-12-06 12:26:03.687 | PollThreadWorker::poll_loop wait 97001
I [/home/dp012/Desktop/gitmac/mako-pr/src/rrr/reactor/reactor.cc:297] 2025-12-06 12:26:04.272 | PollThreadWorker::poll_loop wait 98001
I [/home/dp012/Desktop/gitmac/mako-pr/src/rrr/reactor/reactor.cc:297] 2025-12-06 12:26:04.845 | PollThreadWorker::poll_loop wait 99001
I [/home/dp012/Desktop/gitmac/mako-pr/src/rrr/reactor/reactor.cc:297] 2025-12-06 12:26:05.406 | PollThreadWorker::poll_loop wait 100001
I [/home/dp012/Desktop/gitmac/mako-pr/src/rrr/reactor/reactor.cc:297] 2025-12-06 12:26:05.980 | PollThreadWorker::poll_loop wait 101001
I [/home/dp012/Desktop/gitmac/mako-pr/src/rrr/reactor/reactor.cc:297] 2025-12-06 12:26:06.561 | PollThreadWorker::poll_loop wait 102001
I [/home/dp012/Desktop/gitmac/mako-pr/src/rrr/reactor/reactor.cc:297] 2025-12-06 12:26:07.130 | PollThreadWorker::poll_loop wait 103001
I [/home/dp012/Desktop/gitmac/mako-pr/src/rrr/reactor/reactor.cc:297] 2025-12-06 12:26:07.699 | PollThreadWorker::poll_loop wait 104001
I [/home/dp012/Desktop/gitmac/mako-pr/src/rrr/reactor/reactor.cc:297] 2025-12-06 12:26:08.275 | PollThreadWorker::poll_loop wait 105001
I [/home/dp012/Desktop/gitmac/mako-pr/src/rrr/reactor/reactor.cc:297] 2025-12-06 12:26:08.855 | PollThreadWorker::poll_loop wait 106001
I [/home/dp012/Desktop/gitmac/mako-pr/src/rrr/reactor/reactor.cc:297] 2025-12-06 12:26:09.428 | PollThreadWorker::poll_loop wait 107001
I [/home/dp012/Desktop/gitmac/mako-pr/src/rrr/reactor/reactor.cc:297] 2025-12-06 12:26:09.998 | PollThreadWorker::poll_loop wait 108001
I [/home/dp012/Desktop/gitmac/mako-pr/src/rrr/reactor/reactor.cc:297] 2025-12-06 12:26:10.562 | PollThreadWorker::poll_loop wait 109001
I [/home/dp012/Desktop/gitmac/mako-pr/src/rrr/reactor/reactor.cc:297] 2025-12-06 12:26:11.124 | PollThreadWorker::poll_loop wait 110001
I [/home/dp012/Desktop/gitmac/mako-pr/src/rrr/reactor/reactor.cc:297] 2025-12-06 12:26:11.683 | PollThreadWorker::poll_loop wait 111001
I [/home/dp012/Desktop/gitmac/mako-pr/src/rrr/reactor/reactor.cc:297] 2025-12-06 12:26:12.252 | PollThreadWorker::poll_loop wait 112001
I [/home/dp012/Desktop/gitmac/mako-pr/src/rrr/reactor/reactor.cc:297] 2025-12-06 12:26:12.827 | PollThreadWorker::poll_loop wait 113001
I [/home/dp012/Desktop/gitmac/mako-pr/src/rrr/reactor/reactor.cc:297] 2025-12-06 12:26:13.392 | PollThreadWorker::poll_loop wait 114001
I [/home/dp012/Desktop/gitmac/mako-pr/src/rrr/reactor/reactor.cc:297] 2025-12-06 12:26:13.956 | PollThreadWorker::poll_loop wait 115001
I [/home/dp012/Desktop/gitmac/mako-pr/src/rrr/reactor/reactor.cc:297] 2025-12-06 12:26:14.522 | PollThreadWorker::poll_loop wait 116001
I [/home/dp012/Desktop/gitmac/mako-pr/src/rrr/reactor/reactor.cc:297] 2025-12-06 12:26:15.103 | PollThreadWorker::poll_loop wait 117001
I [/home/dp012/Desktop/gitmac/mako-pr/src/rrr/reactor/reactor.cc:297] 2025-12-06 12:26:15.672 | PollThreadWorker::poll_loop wait 118001
I [/home/dp012/Desktop/gitmac/mako-pr/src/rrr/reactor/reactor.cc:297] 2025-12-06 12:26:16.254 | PollThreadWorker::poll_loop wait 119001
I [/home/dp012/Desktop/gitmac/mako-pr/src/rrr/reactor/reactor.cc:297] 2025-12-06 12:26:16.844 | PollThreadWorker::poll_loop wait 120001
I [/home/dp012/Desktop/gitmac/mako-pr/src/rrr/reactor/reactor.cc:297] 2025-12-06 12:26:17.419 | PollThreadWorker::poll_loop wait 121001
I [/home/dp012/Desktop/gitmac/mako-pr/src/rrr/reactor/reactor.cc:297] 2025-12-06 12:26:17.989 | PollThreadWorker::poll_loop wait 122001
I [/home/dp012/Desktop/gitmac/mako-pr/src/rrr/reactor/reactor.cc:297] 2025-12-06 12:26:18.581 | PollThreadWorker::poll_loop wait 123001
I [/home/dp012/Desktop/gitmac/mako-pr/src/rrr/reactor/reactor.cc:297] 2025-12-06 12:26:19.167 | PollThreadWorker::poll_loop wait 124001
I [/home/dp012/Desktop/gitmac/mako-pr/src/rrr/reactor/reactor.cc:297] 2025-12-06 12:26:19.742 | PollThreadWorker::poll_loop wait 125001
I [/home/dp012/Desktop/gitmac/mako-pr/src/rrr/reactor/reactor.cc:297] 2025-12-06 12:26:20.321 | PollThreadWorker::poll_loop wait 126001
I [/home/dp012/Desktop/gitmac/mako-pr/src/rrr/reactor/reactor.cc:297] 2025-12-06 12:26:20.897 | PollThreadWorker::poll_loop wait 127001
I [/home/dp012/Desktop/gitmac/mako-pr/src/rrr/reactor/reactor.cc:297] 2025-12-06 12:26:21.472 | PollThreadWorker::poll_loop wait 128001
I [/home/dp012/Desktop/gitmac/mako-pr/src/rrr/reactor/reactor.cc:297] 2025-12-06 12:26:22.043 | PollThreadWorker::poll_loop wait 129001
I [/home/dp012/Desktop/gitmac/mako-pr/src/rrr/reactor/reactor.cc:297] 2025-12-06 12:26:22.643 | PollThreadWorker::poll_loop wait 130001
I [/home/dp012/Desktop/gitmac/mako-pr/src/rrr/reactor/reactor.cc:297] 2025-12-06 12:26:23.236 | PollThreadWorker::poll_loop wait 131001
I [/home/dp012/Desktop/gitmac/mako-pr/src/rrr/reactor/reactor.cc:297] 2025-12-06 12:26:23.813 | PollThreadWorker::poll_loop wait 132001
I [/home/dp012/Desktop/gitmac/mako-pr/src/rrr/reactor/reactor.cc:297] 2025-12-06 12:26:24.365 | PollThreadWorker::poll_loop wait 133001
I [/home/dp012/Desktop/gitmac/mako-pr/src/rrr/reactor/reactor.cc:297] 2025-12-06 12:26:24.915 | PollThreadWorker::poll_loop wait 134001
I [/home/dp012/Desktop/gitmac/mako-pr/src/rrr/reactor/reactor.cc:297] 2025-12-06 12:26:25.466 | PollThreadWorker::poll_loop wait 135001
I [/home/dp012/Desktop/gitmac/mako-pr/src/rrr/reactor/reactor.cc:297] 2025-12-06 12:26:26.025 | PollThreadWorker::poll_loop wait 136001
I [/home/dp012/Desktop/gitmac/mako-pr/src/rrr/reactor/reactor.cc:297] 2025-12-06 12:26:26.589 | PollThreadWorker::poll_loop wait 137001
I [/home/dp012/Desktop/gitmac/mako-pr/src/rrr/reactor/reactor.cc:297] 2025-12-06 12:26:27.147 | PollThreadWorker::poll_loop wait 138001
I [/home/dp012/Desktop/gitmac/mako-pr/src/rrr/reactor/reactor.cc:297] 2025-12-06 12:26:27.698 | PollThreadWorker::poll_loop wait 139001
I [/home/dp012/Desktop/gitmac/mako-pr/src/rrr/reactor/reactor.cc:297] 2025-12-06 12:26:28.251 | PollThreadWorker::poll_loop wait 140001
I [/home/dp012/Desktop/gitmac/mako-pr/src/rrr/reactor/reactor.cc:297] 2025-12-06 12:26:28.802 | PollThreadWorker::poll_loop wait 141001
I [/home/dp012/Desktop/gitmac/mako-pr/src/rrr/reactor/reactor.cc:297] 2025-12-06 12:26:29.362 | PollThreadWorker::poll_loop wait 142001
I [/home/dp012/Desktop/gitmac/mako-pr/src/rrr/reactor/reactor.cc:297] 2025-12-06 12:26:29.914 | PollThreadWorker::poll_loop wait 143001
I [/home/dp012/Desktop/gitmac/mako-pr/src/rrr/reactor/reactor.cc:297] 2025-12-06 12:26:30.474 | PollThreadWorker::poll_loop wait 144001
I [/home/dp012/Desktop/gitmac/mako-pr/src/rrr/reactor/reactor.cc:297] 2025-12-06 12:26:31.028 | PollThreadWorker::poll_loop wait 145001
I [/home/dp012/Desktop/gitmac/mako-pr/src/rrr/reactor/reactor.cc:297] 2025-12-06 12:26:31.594 | PollThreadWorker::poll_loop wait 146001
I [/home/dp012/Desktop/gitmac/mako-pr/src/rrr/reactor/reactor.cc:297] 2025-12-06 12:26:32.148 | PollThreadWorker::poll_loop wait 147001
I [/home/dp012/Desktop/gitmac/mako-pr/src/rrr/reactor/reactor.cc:297] 2025-12-06 12:26:32.706 | PollThreadWorker::poll_loop wait 148001
I [/home/dp012/Desktop/gitmac/mako-pr/src/rrr/reactor/reactor.cc:297] 2025-12-06 12:26:33.254 | PollThreadWorker::poll_loop wait 149001
I [/home/dp012/Desktop/gitmac/mako-pr/src/rrr/reactor/reactor.cc:297] 2025-12-06 12:26:33.809 | PollThreadWorker::poll_loop wait 150001
I [/home/dp012/Desktop/gitmac/mako-pr/src/rrr/reactor/reactor.cc:297] 2025-12-06 12:26:34.359 | PollThreadWorker::poll_loop wait 151001
I [/home/dp012/Desktop/gitmac/mako-pr/src/rrr/reactor/reactor.cc:297] 2025-12-06 12:26:34.920 | PollThreadWorker::poll_loop wait 152001
I [/home/dp012/Desktop/gitmac/mako-pr/src/rrr/reactor/reactor.cc:297] 2025-12-06 12:26:35.481 | PollThreadWorker::poll_loop wait 153001
I [/home/dp012/Desktop/gitmac/mako-pr/src/rrr/reactor/reactor.cc:297] 2025-12-06 12:26:36.059 | PollThreadWorker::poll_loop wait 154001
I [/home/dp012/Desktop/gitmac/mako-pr/src/rrr/reactor/reactor.cc:297] 2025-12-06 12:26:36.616 | PollThreadWorker::poll_loop wait 155001
I [/home/dp012/Desktop/gitmac/mako-pr/src/rrr/reactor/reactor.cc:297] 2025-12-06 12:26:37.184 | PollThreadWorker::poll_loop wait 156001
I [/home/dp012/Desktop/gitmac/mako-pr/src/rrr/reactor/reactor.cc:297] 2025-12-06 12:26:37.745 | PollThreadWorker::poll_loop wait 157001
I [/home/dp012/Desktop/gitmac/mako-pr/src/rrr/reactor/reactor.cc:297] 2025-12-06 12:26:38.302 | PollThreadWorker::poll_loop wait 158001
I [/home/dp012/Desktop/gitmac/mako-pr/src/rrr/reactor/reactor.cc:297] 2025-12-06 12:26:38.865 | PollThreadWorker::poll_loop wait 159001
I [/home/dp012/Desktop/gitmac/mako-pr/src/rrr/reactor/reactor.cc:297] 2025-12-06 12:26:39.418 | PollThreadWorker::poll_loop wait 160001
I [/home/dp012/Desktop/gitmac/mako-pr/src/rrr/reactor/reactor.cc:297] 2025-12-06 12:26:39.981 | PollThreadWorker::poll_loop wait 161001
I [/home/dp012/Desktop/gitmac/mako-pr/src/rrr/reactor/reactor.cc:297] 2025-12-06 12:26:40.562 | PollThreadWorker::poll_loop wait 162001
I [/home/dp012/Desktop/gitmac/mako-pr/src/rrr/reactor/reactor.cc:297] 2025-12-06 12:26:41.128 | PollThreadWorker::poll_loop wait 163001
I [/home/dp012/Desktop/gitmac/mako-pr/src/rrr/reactor/reactor.cc:297] 2025-12-06 12:26:41.691 | PollThreadWorker::poll_loop wait 164001
I [/home/dp012/Desktop/gitmac/mako-pr/src/rrr/reactor/reactor.cc:297] 2025-12-06 12:26:42.255 | PollThreadWorker::poll_loop wait 165001
I [/home/dp012/Desktop/gitmac/mako-pr/src/rrr/reactor/reactor.cc:297] 2025-12-06 12:26:42.815 | PollThreadWorker::poll_loop wait 166001
I [/home/dp012/Desktop/gitmac/mako-pr/src/rrr/reactor/reactor.cc:297] 2025-12-06 12:26:43.378 | PollThreadWorker::poll_loop wait 167001
I [/home/dp012/Desktop/gitmac/mako-pr/src/rrr/reactor/reactor.cc:297] 2025-12-06 12:26:43.930 | PollThreadWorker::poll_loop wait 168001
I [/home/dp012/Desktop/gitmac/mako-pr/src/rrr/reactor/reactor.cc:297] 2025-12-06 12:26:44.486 | PollThreadWorker::poll_loop wait 169001
I [/home/dp012/Desktop/gitmac/mako-pr/src/rrr/reactor/reactor.cc:297] 2025-12-06 12:26:45.045 | PollThreadWorker::poll_loop wait 170001
I [/home/dp012/Desktop/gitmac/mako-pr/src/rrr/reactor/reactor.cc:297] 2025-12-06 12:26:45.607 | PollThreadWorker::poll_loop wait 171001
I [/home/dp012/Desktop/gitmac/mako-pr/src/rrr/reactor/reactor.cc:297] 2025-12-06 12:26:46.165 | PollThreadWorker::poll_loop wait 172001
I [/home/dp012/Desktop/gitmac/mako-pr/src/rrr/reactor/reactor.cc:297] 2025-12-06 12:26:46.721 | PollThreadWorker::poll_loop wait 173001
I [/home/dp012/Desktop/gitmac/mako-pr/src/rrr/reactor/reactor.cc:297] 2025-12-06 12:26:47.267 | PollThreadWorker::poll_loop wait 174001
I [/home/dp012/Desktop/gitmac/mako-pr/src/rrr/reactor/reactor.cc:297] 2025-12-06 12:26:47.817 | PollThreadWorker::poll_loop wait 175001
I [/home/dp012/Desktop/gitmac/mako-pr/src/rrr/reactor/reactor.cc:297] 2025-12-06 12:26:48.370 | PollThreadWorker::poll_loop wait 176001
I [/home/dp012/Desktop/gitmac/mako-pr/src/rrr/reactor/reactor.cc:297] 2025-12-06 12:26:48.923 | PollThreadWorker::poll_loop wait 177001
I [/home/dp012/Desktop/gitmac/mako-pr/src/rrr/reactor/reactor.cc:297] 2025-12-06 12:26:49.479 | PollThreadWorker::poll_loop wait 178001
I [/home/dp012/Desktop/gitmac/mako-pr/src/rrr/reactor/reactor.cc:297] 2025-12-06 12:26:50.036 | PollThreadWorker::poll_loop wait 179001
I [/home/dp012/Desktop/gitmac/mako-pr/src/rrr/reactor/reactor.cc:297] 2025-12-06 12:26:50.600 | PollThreadWorker::poll_loop wait 180001
I [/home/dp012/Desktop/gitmac/mako-pr/src/rrr/reactor/reactor.cc:297] 2025-12-06 12:26:51.161 | PollThreadWorker::poll_loop wait 181001
I [/home/dp012/Desktop/gitmac/mako-pr/src/rrr/reactor/reactor.cc:297] 2025-12-06 12:26:51.713 | PollThreadWorker::poll_loop wait 182001
I [/home/dp012/Desktop/gitmac/mako-pr/src/rrr/reactor/reactor.cc:297] 2025-12-06 12:26:52.259 | PollThreadWorker::poll_loop wait 183001
I [/home/dp012/Desktop/gitmac/mako-pr/src/rrr/reactor/reactor.cc:297] 2025-12-06 12:26:52.816 | PollThreadWorker::poll_loop wait 184001
I [/home/dp012/Desktop/gitmac/mako-pr/src/rrr/reactor/reactor.cc:297] 2025-12-06 12:26:53.371 | PollThreadWorker::poll_loop wait 185001
I [/home/dp012/Desktop/gitmac/mako-pr/src/rrr/reactor/reactor.cc:297] 2025-12-06 12:26:53.932 | PollThreadWorker::poll_loop wait 186001
I [/home/dp012/Desktop/gitmac/mako-pr/src/rrr/reactor/reactor.cc:297] 2025-12-06 12:26:54.511 | PollThreadWorker::poll_loop wait 187001
I [/home/dp012/Desktop/gitmac/mako-pr/src/rrr/reactor/reactor.cc:297] 2025-12-06 12:26:55.072 | PollThreadWorker::poll_loop wait 188001
I [/home/dp012/Desktop/gitmac/mako-pr/src/rrr/reactor/reactor.cc:297] 2025-12-06 12:26:55.621 | PollThreadWorker::poll_loop wait 189001
I [/home/dp012/Desktop/gitmac/mako-pr/src/rrr/reactor/reactor.cc:297] 2025-12-06 12:26:56.171 | PollThreadWorker::poll_loop wait 190001
I [/home/dp012/Desktop/gitmac/mako-pr/src/rrr/reactor/reactor.cc:297] 2025-12-06 12:26:56.724 | PollThreadWorker::poll_loop wait 191001
I [/home/dp012/Desktop/gitmac/mako-pr/src/rrr/reactor/reactor.cc:297] 2025-12-06 12:26:57.279 | PollThreadWorker::poll_loop wait 192001
I [/home/dp012/Desktop/gitmac/mako-pr/src/rrr/reactor/reactor.cc:297] 2025-12-06 12:26:57.833 | PollThreadWorker::poll_loop wait 193001
I [/home/dp012/Desktop/gitmac/mako-pr/src/rrr/reactor/reactor.cc:297] 2025-12-06 12:26:58.401 | PollThreadWorker::poll_loop wait 194001
I [/home/dp012/Desktop/gitmac/mako-pr/src/rrr/reactor/reactor.cc:297] 2025-12-06 12:26:58.951 | PollThreadWorker::poll_loop wait 195001
I [/home/dp012/Desktop/gitmac/mako-pr/src/rrr/reactor/reactor.cc:297] 2025-12-06 12:26:59.497 | PollThreadWorker::poll_loop wait 196001
I [/home/dp012/Desktop/gitmac/mako-pr/src/rrr/reactor/reactor.cc:297] 2025-12-06 12:27:00.060 | PollThreadWorker::poll_loop wait 197001
I [/home/dp012/Desktop/gitmac/mako-pr/src/rrr/reactor/reactor.cc:297] 2025-12-06 12:27:00.627 | PollThreadWorker::poll_loop wait 198001
I [/home/dp012/Desktop/gitmac/mako-pr/src/rrr/reactor/reactor.cc:297] 2025-12-06 12:27:01.171 | PollThreadWorker::poll_loop wait 199001
I [/home/dp012/Desktop/gitmac/mako-pr/src/rrr/reactor/reactor.cc:297] 2025-12-06 12:27:01.733 | PollThreadWorker::poll_loop wait 200001
I [/home/dp012/Desktop/gitmac/mako-pr/src/rrr/reactor/reactor.cc:297] 2025-12-06 12:27:02.291 | PollThreadWorker::poll_loop wait 201001
I [/home/dp012/Desktop/gitmac/mako-pr/src/rrr/reactor/reactor.cc:297] 2025-12-06 12:27:02.857 | PollThreadWorker::poll_loop wait 202001
I [/home/dp012/Desktop/gitmac/mako-pr/src/rrr/reactor/reactor.cc:297] 2025-12-06 12:27:03.433 | PollThreadWorker::poll_loop wait 203001
I [/home/dp012/Desktop/gitmac/mako-pr/src/rrr/reactor/reactor.cc:297] 2025-12-06 12:27:03.000 | PollThreadWorker::poll_loop wait 204001
I [/home/dp012/Desktop/gitmac/mako-pr/src/rrr/reactor/reactor.cc:297] 2025-12-06 12:27:04.557 | PollThreadWorker::poll_loop wait 205001
I [/home/dp012/Desktop/gitmac/mako-pr/src/rrr/reactor/reactor.cc:297] 2025-12-06 12:27:05.104 | PollThreadWorker::poll_loop wait 206001
I [/home/dp012/Desktop/gitmac/mako-pr/src/rrr/reactor/reactor.cc:297] 2025-12-06 12:27:05.660 | PollThreadWorker::poll_loop wait 207001
I [/home/dp012/Desktop/gitmac/mako-pr/src/rrr/reactor/reactor.cc:297] 2025-12-06 12:27:06.225 | PollThreadWorker::poll_loop wait 208001
I [/home/dp012/Desktop/gitmac/mako-pr/src/rrr/reactor/reactor.cc:297] 2025-12-06 12:27:06.799 | PollThreadWorker::poll_loop wait 209001
I [/home/dp012/Desktop/gitmac/mako-pr/src/rrr/reactor/reactor.cc:297] 2025-12-06 12:27:07.365 | PollThreadWorker::poll_loop wait 210001
I [/home/dp012/Desktop/gitmac/mako-pr/src/rrr/reactor/reactor.cc:297] 2025-12-06 12:27:07.920 | PollThreadWorker::poll_loop wait 211001
I [/home/dp012/Desktop/gitmac/mako-pr/src/rrr/reactor/reactor.cc:297] 2025-12-06 12:27:08.469 | PollThreadWorker::poll_loop wait 212001
I [/home/dp012/Desktop/gitmac/mako-pr/src/rrr/reactor/reactor.cc:297] 2025-12-06 12:27:09.024 | PollThreadWorker::poll_loop wait 213001
I [/home/dp012/Desktop/gitmac/mako-pr/src/rrr/reactor/reactor.cc:297] 2025-12-06 12:27:09.576 | PollThreadWorker::poll_loop wait 214001
I [/home/dp012/Desktop/gitmac/mako-pr/src/rrr/reactor/reactor.cc:297] 2025-12-06 12:27:10.136 | PollThreadWorker::poll_loop wait 215001
I [/home/dp012/Desktop/gitmac/mako-pr/src/rrr/reactor/reactor.cc:297] 2025-12-06 12:27:10.707 | PollThreadWorker::poll_loop wait 216001
I [/home/dp012/Desktop/gitmac/mako-pr/src/rrr/reactor/reactor.cc:297] 2025-12-06 12:27:11.266 | PollThreadWorker::poll_loop wait 217001
I [/home/dp012/Desktop/gitmac/mako-pr/src/rrr/reactor/reactor.cc:297] 2025-12-06 12:27:11.816 | PollThreadWorker::poll_loop wait 218001
I [/home/dp012/Desktop/gitmac/mako-pr/src/rrr/reactor/reactor.cc:297] 2025-12-06 12:27:12.370 | PollThreadWorker::poll_loop wait 219001
I [/home/dp012/Desktop/gitmac/mako-pr/src/rrr/reactor/reactor.cc:297] 2025-12-06 12:27:12.924 | PollThreadWorker::poll_loop wait 220001
I [/home/dp012/Desktop/gitmac/mako-pr/src/rrr/reactor/reactor.cc:297] 2025-12-06 12:27:13.481 | PollThreadWorker::poll_loop wait 221001
I [/home/dp012/Desktop/gitmac/mako-pr/src/rrr/reactor/reactor.cc:297] 2025-12-06 12:27:14.045 | PollThreadWorker::poll_loop wait 222001
I [/home/dp012/Desktop/gitmac/mako-pr/src/rrr/reactor/reactor.cc:297] 2025-12-06 12:27:14.603 | PollThreadWorker::poll_loop wait 223001
I [/home/dp012/Desktop/gitmac/mako-pr/src/rrr/reactor/reactor.cc:297] 2025-12-06 12:27:15.165 | PollThreadWorker::poll_loop wait 224001
I [/home/dp012/Desktop/gitmac/mako-pr/src/rrr/reactor/reactor.cc:297] 2025-12-06 12:27:15.720 | PollThreadWorker::poll_loop wait 225001
I [/home/dp012/Desktop/gitmac/mako-pr/src/rrr/reactor/reactor.cc:297] 2025-12-06 12:27:16.270 | PollThreadWorker::poll_loop wait 226001
I [/home/dp012/Desktop/gitmac/mako-pr/src/rrr/reactor/reactor.cc:297] 2025-12-06 12:27:16.820 | PollThreadWorker::poll_loop wait 227001
I [/home/dp012/Desktop/gitmac/mako-pr/src/rrr/reactor/reactor.cc:297] 2025-12-06 12:27:17.382 | PollThreadWorker::poll_loop wait 228001
I [/home/dp012/Desktop/gitmac/mako-pr/src/rrr/reactor/reactor.cc:297] 2025-12-06 12:27:17.957 | PollThreadWorker::poll_loop wait 229001
I [/home/dp012/Desktop/gitmac/mako-pr/src/rrr/reactor/reactor.cc:297] 2025-12-06 12:27:18.525 | PollThreadWorker::poll_loop wait 230001
I [/home/dp012/Desktop/gitmac/mako-pr/src/rrr/reactor/reactor.cc:297] 2025-12-06 12:27:19.086 | PollThreadWorker::poll_loop wait 231001
I [/home/dp012/Desktop/gitmac/mako-pr/src/rrr/reactor/reactor.cc:297] 2025-12-06 12:27:19.650 | PollThreadWorker::poll_loop wait 232001
I [/home/dp012/Desktop/gitmac/mako-pr/src/rrr/reactor/reactor.cc:297] 2025-12-06 12:27:20.215 | PollThreadWorker::poll_loop wait 233001
I [/home/dp012/Desktop/gitmac/mako-pr/src/rrr/reactor/reactor.cc:297] 2025-12-06 12:27:20.784 | PollThreadWorker::poll_loop wait 234001
I [/home/dp012/Desktop/gitmac/mako-pr/src/rrr/reactor/reactor.cc:297] 2025-12-06 12:27:21.361 | PollThreadWorker::poll_loop wait 235001
I [/home/dp012/Desktop/gitmac/mako-pr/src/rrr/reactor/reactor.cc:297] 2025-12-06 12:27:21.916 | PollThreadWorker::poll_loop wait 236001
I [/home/dp012/Desktop/gitmac/mako-pr/src/rrr/reactor/reactor.cc:297] 2025-12-06 12:27:22.490 | PollThreadWorker::poll_loop wait 237001
I [/home/dp012/Desktop/gitmac/mako-pr/src/rrr/reactor/reactor.cc:297] 2025-12-06 12:27:23.059 | PollThreadWorker::poll_loop wait 238001
I [/home/dp012/Desktop/gitmac/mako-pr/src/rrr/reactor/reactor.cc:297] 2025-12-06 12:27:23.632 | PollThreadWorker::poll_loop wait 239001
I [/home/dp012/Desktop/gitmac/mako-pr/src/rrr/reactor/reactor.cc:297] 2025-12-06 12:27:24.199 | PollThreadWorker::poll_loop wait 240001
I [/home/dp012/Desktop/gitmac/mako-pr/src/rrr/reactor/reactor.cc:297] 2025-12-06 12:27:24.761 | PollThreadWorker::poll_loop wait 241001
I [/home/dp012/Desktop/gitmac/mako-pr/src/rrr/reactor/reactor.cc:297] 2025-12-06 12:27:25.325 | PollThreadWorker::poll_loop wait 242001
I [/home/dp012/Desktop/gitmac/mako-pr/src/rrr/reactor/reactor.cc:297] 2025-12-06 12:27:25.887 | PollThreadWorker::poll_loop wait 243001
I [/home/dp012/Desktop/gitmac/mako-pr/src/rrr/reactor/reactor.cc:297] 2025-12-06 12:27:26.454 | PollThreadWorker::poll_loop wait 244001
I [/home/dp012/Desktop/gitmac/mako-pr/src/rrr/reactor/reactor.cc:297] 2025-12-06 12:27:27.020 | PollThreadWorker::poll_loop wait 245001
I [/home/dp012/Desktop/gitmac/mako-pr/src/rrr/reactor/reactor.cc:297] 2025-12-06 12:27:27.586 | PollThreadWorker::poll_loop wait 246001
I [/home/dp012/Desktop/gitmac/mako-pr/src/rrr/reactor/reactor.cc:297] 2025-12-06 12:27:28.151 | PollThreadWorker::poll_loop wait 247001
I [/home/dp012/Desktop/gitmac/mako-pr/src/rrr/reactor/reactor.cc:297] 2025-12-06 12:27:28.727 | PollThreadWorker::poll_loop wait 248001
I [/home/dp012/Desktop/gitmac/mako-pr/src/rrr/reactor/reactor.cc:297] 2025-12-06 12:27:29.297 | PollThreadWorker::poll_loop wait 249001
I [/home/dp012/Desktop/gitmac/mako-pr/src/rrr/reactor/reactor.cc:297] 2025-12-06 12:27:29.886 | PollThreadWorker::poll_loop wait 250001
I [/home/dp012/Desktop/gitmac/mako-pr/src/rrr/reactor/reactor.cc:297] 2025-12-06 12:27:30.452 | PollThreadWorker::poll_loop wait 251001
I [/home/dp012/Desktop/gitmac/mako-pr/src/rrr/reactor/reactor.cc:297] 2025-12-06 12:27:31.016 | PollThreadWorker::poll_loop wait 252001
I [/home/dp012/Desktop/gitmac/mako-pr/src/rrr/reactor/reactor.cc:297] 2025-12-06 12:27:31.582 | PollThreadWorker::poll_loop wait 253001
I [/home/dp012/Desktop/gitmac/mako-pr/src/rrr/reactor/reactor.cc:297] 2025-12-06 12:27:32.139 | PollThreadWorker::poll_loop wait 254001
I [/home/dp012/Desktop/gitmac/mako-pr/src/rrr/reactor/reactor.cc:297] 2025-12-06 12:27:32.705 | PollThreadWorker::poll_loop wait 255001
I [/home/dp012/Desktop/gitmac/mako-pr/src/rrr/reactor/reactor.cc:297] 2025-12-06 12:27:33.259 | PollThreadWorker::poll_loop wait 256001
I [/home/dp012/Desktop/gitmac/mako-pr/src/rrr/reactor/reactor.cc:297] 2025-12-06 12:27:33.820 | PollThreadWorker::poll_loop wait 257001
I [/home/dp012/Desktop/gitmac/mako-pr/src/rrr/reactor/reactor.cc:297] 2025-12-06 12:27:34.377 | PollThreadWorker::poll_loop wait 258001
I [/home/dp012/Desktop/gitmac/mako-pr/src/rrr/reactor/reactor.cc:297] 2025-12-06 12:27:34.938 | PollThreadWorker::poll_loop wait 259001
I [/home/dp012/Desktop/gitmac/mako-pr/src/rrr/reactor/reactor.cc:297] 2025-12-06 12:27:35.503 | PollThreadWorker::poll_loop wait 260001
I [/home/dp012/Desktop/gitmac/mako-pr/src/rrr/reactor/reactor.cc:297] 2025-12-06 12:27:36.061 | PollThreadWorker::poll_loop wait 261001
I [/home/dp012/Desktop/gitmac/mako-pr/src/rrr/reactor/reactor.cc:297] 2025-12-06 12:27:36.622 | PollThreadWorker::poll_loop wait 262001
I [/home/dp012/Desktop/gitmac/mako-pr/src/rrr/reactor/reactor.cc:297] 2025-12-06 12:27:37.185 | PollThreadWorker::poll_loop wait 263001
I [/home/dp012/Desktop/gitmac/mako-pr/src/rrr/reactor/reactor.cc:297] 2025-12-06 12:27:37.748 | PollThreadWorker::poll_loop wait 264001
I [/home/dp012/Desktop/gitmac/mako-pr/src/rrr/reactor/reactor.cc:297] 2025-12-06 12:27:38.304 | PollThreadWorker::poll_loop wait 265001
I [/home/dp012/Desktop/gitmac/mako-pr/src/rrr/reactor/reactor.cc:297] 2025-12-06 12:27:38.863 | PollThreadWorker::poll_loop wait 266001
I [/home/dp012/Desktop/gitmac/mako-pr/src/rrr/reactor/reactor.cc:297] 2025-12-06 12:27:39.426 | PollThreadWorker::poll_loop wait 267001
I [/home/dp012/Desktop/gitmac/mako-pr/src/rrr/reactor/reactor.cc:297] 2025-12-06 12:27:39.986 | PollThreadWorker::poll_loop wait 268001
I [/home/dp012/Desktop/gitmac/mako-pr/src/rrr/reactor/reactor.cc:297] 2025-12-06 12:27:40.556 | PollThreadWorker::poll_loop wait 269001
I [/home/dp012/Desktop/gitmac/mako-pr/src/rrr/reactor/reactor.cc:297] 2025-12-06 12:27:41.139 | PollThreadWorker::poll_loop wait 270001
I [/home/dp012/Desktop/gitmac/mako-pr/src/rrr/reactor/reactor.cc:297] 2025-12-06 12:27:41.708 | PollThreadWorker::poll_loop wait 271001
I [/home/dp012/Desktop/gitmac/mako-pr/src/rrr/reactor/reactor.cc:297] 2025-12-06 12:27:42.274 | PollThreadWorker::poll_loop wait 272001
I [/home/dp012/Desktop/gitmac/mako-pr/src/rrr/reactor/reactor.cc:297] 2025-12-06 12:27:42.843 | PollThreadWorker::poll_loop wait 273001
I [/home/dp012/Desktop/gitmac/mako-pr/src/rrr/reactor/reactor.cc:297] 2025-12-06 12:27:43.404 | PollThreadWorker::poll_loop wait 274001
I [/home/dp012/Desktop/gitmac/mako-pr/src/rrr/reactor/reactor.cc:297] 2025-12-06 12:27:43.967 | PollThreadWorker::poll_loop wait 275001
I [/home/dp012/Desktop/gitmac/mako-pr/src/rrr/reactor/reactor.cc:297] 2025-12-06 12:27:44.527 | PollThreadWorker::poll_loop wait 276001
I [/home/dp012/Desktop/gitmac/mako-pr/src/rrr/reactor/reactor.cc:297] 2025-12-06 12:27:45.088 | PollThreadWorker::poll_loop wait 277001
I [/home/dp012/Desktop/gitmac/mako-pr/src/rrr/reactor/reactor.cc:297] 2025-12-06 12:27:45.647 | PollThreadWorker::poll_loop wait 278001
I [/home/dp012/Desktop/gitmac/mako-pr/src/rrr/reactor/reactor.cc:297] 2025-12-06 12:27:46.215 | PollThreadWorker::poll_loop wait 279001
I [/home/dp012/Desktop/gitmac/mako-pr/src/rrr/reactor/reactor.cc:297] 2025-12-06 12:27:46.783 | PollThreadWorker::poll_loop wait 280001
I [/home/dp012/Desktop/gitmac/mako-pr/src/rrr/reactor/reactor.cc:297] 2025-12-06 12:27:47.355 | PollThreadWorker::poll_loop wait 281001
I [/home/dp012/Desktop/gitmac/mako-pr/src/rrr/reactor/reactor.cc:297] 2025-12-06 12:27:47.933 | PollThreadWorker::poll_loop wait 282001
I [/home/dp012/Desktop/gitmac/mako-pr/src/rrr/reactor/reactor.cc:297] 2025-12-06 12:27:48.499 | PollThreadWorker::poll_loop wait 283001
I [/home/dp012/Desktop/gitmac/mako-pr/src/rrr/reactor/reactor.cc:297] 2025-12-06 12:27:49.070 | PollThreadWorker::poll_loop wait 284001
I [/home/dp012/Desktop/gitmac/mako-pr/src/rrr/reactor/reactor.cc:297] 2025-12-06 12:27:49.640 | PollThreadWorker::poll_loop wait 285001
I [/home/dp012/Desktop/gitmac/mako-pr/src/rrr/reactor/reactor.cc:297] 2025-12-06 12:27:50.212 | PollThreadWorker::poll_loop wait 286001
I [/home/dp012/Desktop/gitmac/mako-pr/src/rrr/reactor/reactor.cc:297] 2025-12-06 12:27:50.770 | PollThreadWorker::poll_loop wait 287001
I [/home/dp012/Desktop/gitmac/mako-pr/src/rrr/reactor/reactor.cc:297] 2025-12-06 12:27:51.329 | PollThreadWorker::poll_loop wait 288001
I [/home/dp012/Desktop/gitmac/mako-pr/src/rrr/reactor/reactor.cc:297] 2025-12-06 12:27:51.889 | PollThreadWorker::poll_loop wait 289001
I [/home/dp012/Desktop/gitmac/mako-pr/src/rrr/reactor/reactor.cc:297] 2025-12-06 12:27:52.443 | PollThreadWorker::poll_loop wait 290001
I [/home/dp012/Desktop/gitmac/mako-pr/src/rrr/reactor/reactor.cc:297] 2025-12-06 12:27:52.997 | PollThreadWorker::poll_loop wait 291001
I [/home/dp012/Desktop/gitmac/mako-pr/src/rrr/reactor/reactor.cc:297] 2025-12-06 12:27:53.556 | PollThreadWorker::poll_loop wait 292001
I [/home/dp012/Desktop/gitmac/mako-pr/src/rrr/reactor/reactor.cc:297] 2025-12-06 12:27:54.110 | PollThreadWorker::poll_loop wait 293001
I [/home/dp012/Desktop/gitmac/mako-pr/src/rrr/reactor/reactor.cc:297] 2025-12-06 12:27:54.656 | PollThreadWorker::poll_loop wait 294001
I [/home/dp012/Desktop/gitmac/mako-pr/src/rrr/reactor/reactor.cc:297] 2025-12-06 12:27:55.213 | PollThreadWorker::poll_loop wait 295001
I [/home/dp012/Desktop/gitmac/mako-pr/src/rrr/reactor/reactor.cc:297] 2025-12-06 12:27:55.762 | PollThreadWorker::poll_loop wait 296001
I [/home/dp012/Desktop/gitmac/mako-pr/src/rrr/reactor/reactor.cc:297] 2025-12-06 12:27:56.323 | PollThreadWorker::poll_loop wait 297001
I [/home/dp012/Desktop/gitmac/mako-pr/src/rrr/reactor/reactor.cc:297] 2025-12-06 12:27:56.904 | PollThreadWorker::poll_loop wait 298001
I [/home/dp012/Desktop/gitmac/mako-pr/src/rrr/reactor/reactor.cc:297] 2025-12-06 12:27:57.461 | PollThreadWorker::poll_loop wait 299001
I [/home/dp012/Desktop/gitmac/mako-pr/src/rrr/reactor/reactor.cc:297] 2025-12-06 12:27:58.035 | PollThreadWorker::poll_loop wait 300001
I [/home/dp012/Desktop/gitmac/mako-pr/src/rrr/reactor/reactor.cc:297] 2025-12-06 12:27:58.597 | PollThreadWorker::poll_loop wait 301001
I [/home/dp012/Desktop/gitmac/mako-pr/src/rrr/reactor/reactor.cc:297] 2025-12-06 12:27:59.155 | PollThreadWorker::poll_loop wait 302001
I [/home/dp012/Desktop/gitmac/mako-pr/src/rrr/reactor/reactor.cc:297] 2025-12-06 12:27:59.710 | PollThreadWorker::poll_loop wait 303001
I [/home/dp012/Desktop/gitmac/mako-pr/src/rrr/reactor/reactor.cc:297] 2025-12-06 12:28:00.273 | PollThreadWorker::poll_loop wait 304001
I [/home/dp012/Desktop/gitmac/mako-pr/src/rrr/reactor/reactor.cc:297] 2025-12-06 12:28:00.834 | PollThreadWorker::poll_loop wait 305001
I [/home/dp012/Desktop/gitmac/mako-pr/src/rrr/reactor/reactor.cc:297] 2025-12-06 12:28:01.392 | PollThreadWorker::poll_loop wait 306001
I [/home/dp012/Desktop/gitmac/mako-pr/src/rrr/reactor/reactor.cc:297] 2025-12-06 12:28:01.957 | PollThreadWorker::poll_loop wait 307001
I [/home/dp012/Desktop/gitmac/mako-pr/src/rrr/reactor/reactor.cc:297] 2025-12-06 12:28:02.520 | PollThreadWorker::poll_loop wait 308001
I [/home/dp012/Desktop/gitmac/mako-pr/src/rrr/reactor/reactor.cc:297] 2025-12-06 12:28:03.072 | PollThreadWorker::poll_loop wait 309001
I [/home/dp012/Desktop/gitmac/mako-pr/src/rrr/reactor/reactor.cc:297] 2025-12-06 12:28:03.652 | PollThreadWorker::poll_loop wait 310001
I [/home/dp012/Desktop/gitmac/mako-pr/src/rrr/reactor/reactor.cc:297] 2025-12-06 12:28:04.227 | PollThreadWorker::poll_loop wait 311001
I [/home/dp012/Desktop/gitmac/mako-pr/src/rrr/reactor/reactor.cc:297] 2025-12-06 12:28:04.792 | PollThreadWorker::poll_loop wait 312001
I [/home/dp012/Desktop/gitmac/mako-pr/src/rrr/reactor/reactor.cc:297] 2025-12-06 12:28:05.357 | PollThreadWorker::poll_loop wait 313001
I [/home/dp012/Desktop/gitmac/mako-pr/src/rrr/reactor/reactor.cc:297] 2025-12-06 12:28:05.916 | PollThreadWorker::poll_loop wait 314001
I [/home/dp012/Desktop/gitmac/mako-pr/src/rrr/reactor/reactor.cc:297] 2025-12-06 12:28:06.482 | PollThreadWorker::poll_loop wait 315001
I [/home/dp012/Desktop/gitmac/mako-pr/src/rrr/reactor/reactor.cc:297] 2025-12-06 12:28:07.037 | PollThreadWorker::poll_loop wait 316001
I [/home/dp012/Desktop/gitmac/mako-pr/src/rrr/reactor/reactor.cc:297] 2025-12-06 12:28:07.601 | PollThreadWorker::poll_loop wait 317001
I [/home/dp012/Desktop/gitmac/mako-pr/src/rrr/reactor/reactor.cc:297] 2025-12-06 12:28:08.163 | PollThreadWorker::poll_loop wait 318001
I [/home/dp012/Desktop/gitmac/mako-pr/src/rrr/reactor/reactor.cc:297] 2025-12-06 12:28:08.725 | PollThreadWorker::poll_loop wait 319001
I [/home/dp012/Desktop/gitmac/mako-pr/src/rrr/reactor/reactor.cc:297] 2025-12-06 12:28:09.298 | PollThreadWorker::poll_loop wait 320001
I [/home/dp012/Desktop/gitmac/mako-pr/src/rrr/reactor/reactor.cc:297] 2025-12-06 12:28:09.849 | PollThreadWorker::poll_loop wait 321001
I [/home/dp012/Desktop/gitmac/mako-pr/src/rrr/reactor/reactor.cc:297] 2025-12-06 12:28:10.406 | PollThreadWorker::poll_loop wait 322001
I [/home/dp012/Desktop/gitmac/mako-pr/src/rrr/reactor/reactor.cc:297] 2025-12-06 12:28:10.963 | PollThreadWorker::poll_loop wait 323001
I [/home/dp012/Desktop/gitmac/mako-pr/src/rrr/reactor/reactor.cc:297] 2025-12-06 12:28:11.530 | PollThreadWorker::poll_loop wait 324001
I [/home/dp012/Desktop/gitmac/mako-pr/src/rrr/reactor/reactor.cc:297] 2025-12-06 12:28:12.090 | PollThreadWorker::poll_loop wait 325001
I [/home/dp012/Desktop/gitmac/mako-pr/src/rrr/reactor/reactor.cc:297] 2025-12-06 12:28:12.642 | PollThreadWorker::poll_loop wait 326001
I [/home/dp012/Desktop/gitmac/mako-pr/src/rrr/reactor/reactor.cc:297] 2025-12-06 12:28:13.204 | PollThreadWorker::poll_loop wait 327001
I [/home/dp012/Desktop/gitmac/mako-pr/src/rrr/reactor/reactor.cc:297] 2025-12-06 12:28:13.766 | PollThreadWorker::poll_loop wait 328001
I [/home/dp012/Desktop/gitmac/mako-pr/src/rrr/reactor/reactor.cc:297] 2025-12-06 12:28:14.341 | PollThreadWorker::poll_loop wait 329001
I [/home/dp012/Desktop/gitmac/mako-pr/src/rrr/reactor/reactor.cc:297] 2025-12-06 12:28:14.917 | PollThreadWorker::poll_loop wait 330001
I [/home/dp012/Desktop/gitmac/mako-pr/src/rrr/reactor/reactor.cc:297] 2025-12-06 12:28:15.489 | PollThreadWorker::poll_loop wait 331001
I [/home/dp012/Desktop/gitmac/mako-pr/src/rrr/reactor/reactor.cc:297] 2025-12-06 12:28:16.051 | PollThreadWorker::poll_loop wait 332001
I [/home/dp012/Desktop/gitmac/mako-pr/src/rrr/reactor/reactor.cc:297] 2025-12-06 12:28:16.616 | PollThreadWorker::poll_loop wait 333001
I [/home/dp012/Desktop/gitmac/mako-pr/src/rrr/reactor/reactor.cc:297] 2025-12-06 12:28:17.178 | PollThreadWorker::poll_loop wait 334001
I [/home/dp012/Desktop/gitmac/mako-pr/src/rrr/reactor/reactor.cc:297] 2025-12-06 12:28:17.740 | PollThreadWorker::poll_loop wait 335001
I [/home/dp012/Desktop/gitmac/mako-pr/src/rrr/reactor/reactor.cc:297] 2025-12-06 12:28:18.301 | PollThreadWorker::poll_loop wait 336001
I [/home/dp012/Desktop/gitmac/mako-pr/src/rrr/reactor/reactor.cc:297] 2025-12-06 12:28:18.860 | PollThreadWorker::poll_loop wait 337001
I [/home/dp012/Desktop/gitmac/mako-pr/src/rrr/reactor/reactor.cc:297] 2025-12-06 12:28:19.418 | PollThreadWorker::poll_loop wait 338001
I [/home/dp012/Desktop/gitmac/mako-pr/src/rrr/reactor/reactor.cc:297] 2025-12-06 12:28:19.981 | PollThreadWorker::poll_loop wait 339001
I [/home/dp012/Desktop/gitmac/mako-pr/src/rrr/reactor/reactor.cc:297] 2025-12-06 12:28:20.540 | PollThreadWorker::poll_loop wait 340001
I [/home/dp012/Desktop/gitmac/mako-pr/src/rrr/reactor/reactor.cc:297] 2025-12-06 12:28:21.100 | PollThreadWorker::poll_loop wait 341001
I [/home/dp012/Desktop/gitmac/mako-pr/src/rrr/reactor/reactor.cc:297] 2025-12-06 12:28:21.661 | PollThreadWorker::poll_loop wait 342001
I [/home/dp012/Desktop/gitmac/mako-pr/src/rrr/reactor/reactor.cc:297] 2025-12-06 12:28:22.246 | PollThreadWorker::poll_loop wait 343001
I [/home/dp012/Desktop/gitmac/mako-pr/src/rrr/reactor/reactor.cc:297] 2025-12-06 12:28:22.819 | PollThreadWorker::poll_loop wait 344001
I [/home/dp012/Desktop/gitmac/mako-pr/src/rrr/reactor/reactor.cc:297] 2025-12-06 12:28:23.388 | PollThreadWorker::poll_loop wait 345001
I [/home/dp012/Desktop/gitmac/mako-pr/src/rrr/reactor/reactor.cc:297] 2025-12-06 12:28:23.967 | PollThreadWorker::poll_loop wait 346001
I [/home/dp012/Desktop/gitmac/mako-pr/src/rrr/reactor/reactor.cc:297] 2025-12-06 12:28:24.551 | PollThreadWorker::poll_loop wait 347001
I [/home/dp012/Desktop/gitmac/mako-pr/src/rrr/reactor/reactor.cc:297] 2025-12-06 12:28:25.124 | PollThreadWorker::poll_loop wait 348001
I [/home/dp012/Desktop/gitmac/mako-pr/src/rrr/reactor/reactor.cc:297] 2025-12-06 12:28:25.683 | PollThreadWorker::poll_loop wait 349001
I [/home/dp012/Desktop/gitmac/mako-pr/src/rrr/reactor/reactor.cc:297] 2025-12-06 12:28:26.239 | PollThreadWorker::poll_loop wait 350001
I [/home/dp012/Desktop/gitmac/mako-pr/src/rrr/reactor/reactor.cc:297] 2025-12-06 12:28:26.821 | PollThreadWorker::poll_loop wait 351001
I [/home/dp012/Desktop/gitmac/mako-pr/src/rrr/reactor/reactor.cc:297] 2025-12-06 12:28:27.387 | PollThreadWorker::poll_loop wait 352001
I [/home/dp012/Desktop/gitmac/mako-pr/src/rrr/reactor/reactor.cc:297] 2025-12-06 12:28:27.958 | PollThreadWorker::poll_loop wait 353001
I [/home/dp012/Desktop/gitmac/mako-pr/src/rrr/reactor/reactor.cc:297] 2025-12-06 12:28:28.542 | PollThreadWorker::poll_loop wait 354001
I [/home/dp012/Desktop/gitmac/mako-pr/src/rrr/reactor/reactor.cc:297] 2025-12-06 12:28:29.114 | PollThreadWorker::poll_loop wait 355001
I [/home/dp012/Desktop/gitmac/mako-pr/src/rrr/reactor/reactor.cc:297] 2025-12-06 12:28:29.681 | PollThreadWorker::poll_loop wait 356001
I [/home/dp012/Desktop/gitmac/mako-pr/src/rrr/reactor/reactor.cc:297] 2025-12-06 12:28:30.256 | PollThreadWorker::poll_loop wait 357001
I [/home/dp012/Desktop/gitmac/mako-pr/src/rrr/reactor/reactor.cc:297] 2025-12-06 12:28:30.830 | PollThreadWorker::poll_loop wait 358001
I [/home/dp012/Desktop/gitmac/mako-pr/src/rrr/reactor/reactor.cc:297] 2025-12-06 12:28:31.404 | PollThreadWorker::poll_loop wait 359001
I [/home/dp012/Desktop/gitmac/mako-pr/src/rrr/reactor/reactor.cc:297] 2025-12-06 12:28:31.979 | PollThreadWorker::poll_loop wait 360001
I [/home/dp012/Desktop/gitmac/mako-pr/src/rrr/reactor/reactor.cc:297] 2025-12-06 12:28:32.551 | PollThreadWorker::poll_loop wait 361001
I [/home/dp012/Desktop/gitmac/mako-pr/src/rrr/reactor/reactor.cc:297] 2025-12-06 12:28:33.122 | PollThreadWorker::poll_loop wait 362001
I [/home/dp012/Desktop/gitmac/mako-pr/src/rrr/reactor/reactor.cc:297] 2025-12-06 12:28:33.690 | PollThreadWorker::poll_loop wait 363001
I [/home/dp012/Desktop/gitmac/mako-pr/src/rrr/reactor/reactor.cc:297] 2025-12-06 12:28:34.254 | PollThreadWorker::poll_loop wait 364001
I [/home/dp012/Desktop/gitmac/mako-pr/src/rrr/reactor/reactor.cc:297] 2025-12-06 12:28:34.829 | PollThreadWorker::poll_loop wait 365001
I [/home/dp012/Desktop/gitmac/mako-pr/src/rrr/reactor/reactor.cc:297] 2025-12-06 12:28:35.400 | PollThreadWorker::poll_loop wait 366001
I [/home/dp012/Desktop/gitmac/mako-pr/src/rrr/reactor/reactor.cc:297] 2025-12-06 12:28:35.962 | PollThreadWorker::poll_loop wait 367001
I [/home/dp012/Desktop/gitmac/mako-pr/src/rrr/reactor/reactor.cc:297] 2025-12-06 12:28:36.524 | PollThreadWorker::poll_loop wait 368001
I [/home/dp012/Desktop/gitmac/mako-pr/src/rrr/reactor/reactor.cc:297] 2025-12-06 12:28:37.087 | PollThreadWorker::poll_loop wait 369001
I [/home/dp012/Desktop/gitmac/mako-pr/src/rrr/reactor/reactor.cc:297] 2025-12-06 12:28:37.656 | PollThreadWorker::poll_loop wait 370001
I [/home/dp012/Desktop/gitmac/mako-pr/src/rrr/reactor/reactor.cc:297] 2025-12-06 12:28:38.219 | PollThreadWorker::poll_loop wait 371001
I [/home/dp012/Desktop/gitmac/mako-pr/src/rrr/reactor/reactor.cc:297] 2025-12-06 12:28:38.781 | PollThreadWorker::poll_loop wait 372001
I [/home/dp012/Desktop/gitmac/mako-pr/src/rrr/reactor/reactor.cc:297] 2025-12-06 12:28:39.342 | PollThreadWorker::poll_loop wait 373001
I [/home/dp012/Desktop/gitmac/mako-pr/src/rrr/reactor/reactor.cc:297] 2025-12-06 12:28:39.903 | PollThreadWorker::poll_loop wait 374001
I [/home/dp012/Desktop/gitmac/mako-pr/src/rrr/reactor/reactor.cc:297] 2025-12-06 12:28:40.464 | PollThreadWorker::poll_loop wait 375001
I [/home/dp012/Desktop/gitmac/mako-pr/src/rrr/reactor/reactor.cc:297] 2025-12-06 12:28:41.035 | PollThreadWorker::poll_loop wait 376001
I [/home/dp012/Desktop/gitmac/mako-pr/src/rrr/reactor/reactor.cc:297] 2025-12-06 12:28:41.602 | PollThreadWorker::poll_loop wait 377001
I [/home/dp012/Desktop/gitmac/mako-pr/src/rrr/reactor/reactor.cc:297] 2025-12-06 12:28:42.163 | PollThreadWorker::poll_loop wait 378001
I [/home/dp012/Desktop/gitmac/mako-pr/src/rrr/reactor/reactor.cc:297] 2025-12-06 12:28:42.726 | PollThreadWorker::poll_loop wait 379001
I [/home/dp012/Desktop/gitmac/mako-pr/src/rrr/reactor/reactor.cc:297] 2025-12-06 12:28:43.285 | PollThreadWorker::poll_loop wait 380001
I [/home/dp012/Desktop/gitmac/mako-pr/src/rrr/reactor/reactor.cc:297] 2025-12-06 12:28:43.859 | PollThreadWorker::poll_loop wait 381001
I [/home/dp012/Desktop/gitmac/mako-pr/src/rrr/reactor/reactor.cc:297] 2025-12-06 12:28:44.445 | PollThreadWorker::poll_loop wait 382001
I [/home/dp012/Desktop/gitmac/mako-pr/src/rrr/reactor/reactor.cc:297] 2025-12-06 12:28:45.034 | PollThreadWorker::poll_loop wait 383001
I [/home/dp012/Desktop/gitmac/mako-pr/src/rrr/reactor/reactor.cc:297] 2025-12-06 12:28:45.597 | PollThreadWorker::poll_loop wait 384001
I [/home/dp012/Desktop/gitmac/mako-pr/src/rrr/reactor/reactor.cc:297] 2025-12-06 12:28:46.165 | PollThreadWorker::poll_loop wait 385001
I [/home/dp012/Desktop/gitmac/mako-pr/src/rrr/reactor/reactor.cc:297] 2025-12-06 12:28:46.732 | PollThreadWorker::poll_loop wait 386001
I [/home/dp012/Desktop/gitmac/mako-pr/src/rrr/reactor/reactor.cc:297] 2025-12-06 12:28:47.300 | PollThreadWorker::poll_loop wait 387001
I [/home/dp012/Desktop/gitmac/mako-pr/src/rrr/reactor/reactor.cc:297] 2025-12-06 12:28:47.872 | PollThreadWorker::poll_loop wait 388001
I [/home/dp012/Desktop/gitmac/mako-pr/src/rrr/reactor/reactor.cc:297] 2025-12-06 12:28:48.442 | PollThreadWorker::poll_loop wait 389001
I [/home/dp012/Desktop/gitmac/mako-pr/src/rrr/reactor/reactor.cc:297] 2025-12-06 12:28:49.015 | PollThreadWorker::poll_loop wait 390001
I [/home/dp012/Desktop/gitmac/mako-pr/src/rrr/reactor/reactor.cc:297] 2025-12-06 12:28:49.581 | PollThreadWorker::poll_loop wait 391001
I [/home/dp012/Desktop/gitmac/mako-pr/src/rrr/reactor/reactor.cc:297] 2025-12-06 12:28:50.156 | PollThreadWorker::poll_loop wait 392001
I [/home/dp012/Desktop/gitmac/mako-pr/src/rrr/reactor/reactor.cc:297] 2025-12-06 12:28:50.724 | PollThreadWorker::poll_loop wait 393001
I [/home/dp012/Desktop/gitmac/mako-pr/src/rrr/reactor/reactor.cc:297] 2025-12-06 12:28:51.283 | PollThreadWorker::poll_loop wait 394001
I [/home/dp012/Desktop/gitmac/mako-pr/src/rrr/reactor/reactor.cc:297] 2025-12-06 12:28:51.847 | PollThreadWorker::poll_loop wait 395001
I [/home/dp012/Desktop/gitmac/mako-pr/src/rrr/reactor/reactor.cc:297] 2025-12-06 12:28:52.409 | PollThreadWorker::poll_loop wait 396001
I [/home/dp012/Desktop/gitmac/mako-pr/src/rrr/reactor/reactor.cc:297] 2025-12-06 12:28:52.970 | PollThreadWorker::poll_loop wait 397001
I [/home/dp012/Desktop/gitmac/mako-pr/src/rrr/reactor/reactor.cc:297] 2025-12-06 12:28:53.535 | PollThreadWorker::poll_loop wait 398001
I [/home/dp012/Desktop/gitmac/mako-pr/src/rrr/reactor/reactor.cc:297] 2025-12-06 12:28:54.103 | PollThreadWorker::poll_loop wait 399001
I [/home/dp012/Desktop/gitmac/mako-pr/src/rrr/reactor/reactor.cc:297] 2025-12-06 12:28:54.674 | PollThreadWorker::poll_loop wait 400001
I [/home/dp012/Desktop/gitmac/mako-pr/src/rrr/reactor/reactor.cc:297] 2025-12-06 12:28:55.242 | PollThreadWorker::poll_loop wait 401001
I [/home/dp012/Desktop/gitmac/mako-pr/src/rrr/reactor/reactor.cc:297] 2025-12-06 12:28:55.814 | PollThreadWorker::poll_loop wait 402001
I [/home/dp012/Desktop/gitmac/mako-pr/src/rrr/reactor/reactor.cc:297] 2025-12-06 12:28:56.378 | PollThreadWorker::poll_loop wait 403001
I [/home/dp012/Desktop/gitmac/mako-pr/src/rrr/reactor/reactor.cc:297] 2025-12-06 12:28:56.943 | PollThreadWorker::poll_loop wait 404001
I [/home/dp012/Desktop/gitmac/mako-pr/src/rrr/reactor/reactor.cc:297] 2025-12-06 12:28:57.510 | PollThreadWorker::poll_loop wait 405001
I [/home/dp012/Desktop/gitmac/mako-pr/src/rrr/reactor/reactor.cc:297] 2025-12-06 12:28:58.069 | PollThreadWorker::poll_loop wait 406001
I [/home/dp012/Desktop/gitmac/mako-pr/src/rrr/reactor/reactor.cc:297] 2025-12-06 12:28:58.635 | PollThreadWorker::poll_loop wait 407001
I [/home/dp012/Desktop/gitmac/mako-pr/src/rrr/reactor/reactor.cc:297] 2025-12-06 12:28:59.206 | PollThreadWorker::poll_loop wait 408001
I [/home/dp012/Desktop/gitmac/mako-pr/src/rrr/reactor/reactor.cc:297] 2025-12-06 12:28:59.774 | PollThreadWorker::poll_loop wait 409001
I [/home/dp012/Desktop/gitmac/mako-pr/src/rrr/reactor/reactor.cc:297] 2025-12-06 12:29:00.347 | PollThreadWorker::poll_loop wait 410001
I [/home/dp012/Desktop/gitmac/mako-pr/src/rrr/reactor/reactor.cc:297] 2025-12-06 12:29:00.922 | PollThreadWorker::poll_loop wait 411001
I [/home/dp012/Desktop/gitmac/mako-pr/src/rrr/reactor/reactor.cc:297] 2025-12-06 12:29:01.504 | PollThreadWorker::poll_loop wait 412001
I [/home/dp012/Desktop/gitmac/mako-pr/src/rrr/reactor/reactor.cc:297] 2025-12-06 12:29:02.080 | PollThreadWorker::poll_loop wait 413001
I [/home/dp012/Desktop/gitmac/mako-pr/src/rrr/reactor/reactor.cc:297] 2025-12-06 12:29:02.669 | PollThreadWorker::poll_loop wait 414001
I [/home/dp012/Desktop/gitmac/mako-pr/src/rrr/reactor/reactor.cc:297] 2025-12-06 12:29:03.270 | PollThreadWorker::poll_loop wait 415001
I [/home/dp012/Desktop/gitmac/mako-pr/src/rrr/reactor/reactor.cc:297] 2025-12-06 12:29:03.860 | PollThreadWorker::poll_loop wait 416001
I [/home/dp012/Desktop/gitmac/mako-pr/src/rrr/reactor/reactor.cc:297] 2025-12-06 12:29:04.446 | PollThreadWorker::poll_loop wait 417001
I [/home/dp012/Desktop/gitmac/mako-pr/src/rrr/reactor/reactor.cc:297] 2025-12-06 12:29:05.033 | PollThreadWorker::poll_loop wait 418001
I [/home/dp012/Desktop/gitmac/mako-pr/src/rrr/reactor/reactor.cc:297] 2025-12-06 12:29:05.607 | PollThreadWorker::poll_loop wait 419001
I [/home/dp012/Desktop/gitmac/mako-pr/src/rrr/reactor/reactor.cc:297] 2025-12-06 12:29:06.170 | PollThreadWorker::poll_loop wait 420001
I [/home/dp012/Desktop/gitmac/mako-pr/src/rrr/reactor/reactor.cc:297] 2025-12-06 12:29:06.744 | PollThreadWorker::poll_loop wait 421001
I [/home/dp012/Desktop/gitmac/mako-pr/src/rrr/reactor/reactor.cc:297] 2025-12-06 12:29:07.301 | PollThreadWorker::poll_loop wait 422001
I [/home/dp012/Desktop/gitmac/mako-pr/src/rrr/reactor/reactor.cc:297] 2025-12-06 12:29:07.865 | PollThreadWorker::poll_loop wait 423001
I [/home/dp012/Desktop/gitmac/mako-pr/src/rrr/reactor/reactor.cc:297] 2025-12-06 12:29:08.436 | PollThreadWorker::poll_loop wait 424001
I [/home/dp012/Desktop/gitmac/mako-pr/src/rrr/reactor/reactor.cc:297] 2025-12-06 12:29:08.996 | PollThreadWorker::poll_loop wait 425001
I [/home/dp012/Desktop/gitmac/mako-pr/src/rrr/reactor/reactor.cc:297] 2025-12-06 12:29:09.581 | PollThreadWorker::poll_loop wait 426001
I [/home/dp012/Desktop/gitmac/mako-pr/src/rrr/reactor/reactor.cc:297] 2025-12-06 12:29:10.165 | PollThreadWorker::poll_loop wait 427001
I [/home/dp012/Desktop/gitmac/mako-pr/src/rrr/reactor/reactor.cc:297] 2025-12-06 12:29:10.737 | PollThreadWorker::poll_loop wait 428001
I [/home/dp012/Desktop/gitmac/mako-pr/src/rrr/reactor/reactor.cc:297] 2025-12-06 12:29:11.324 | PollThreadWorker::poll_loop wait 429001
I [/home/dp012/Desktop/gitmac/mako-pr/src/rrr/reactor/reactor.cc:297] 2025-12-06 12:29:11.912 | PollThreadWorker::poll_loop wait 430001
I [/home/dp012/Desktop/gitmac/mako-pr/src/rrr/reactor/reactor.cc:297] 2025-12-06 12:29:12.496 | PollThreadWorker::poll_loop wait 431001
I [/home/dp012/Desktop/gitmac/mako-pr/src/rrr/reactor/reactor.cc:297] 2025-12-06 12:29:13.061 | PollThreadWorker::poll_loop wait 432001
I [/home/dp012/Desktop/gitmac/mako-pr/src/rrr/reactor/reactor.cc:297] 2025-12-06 12:29:13.627 | PollThreadWorker::poll_loop wait 433001
I [/home/dp012/Desktop/gitmac/mako-pr/src/rrr/reactor/reactor.cc:297] 2025-12-06 12:29:14.191 | PollThreadWorker::poll_loop wait 434001
I [/home/dp012/Desktop/gitmac/mako-pr/src/rrr/reactor/reactor.cc:297] 2025-12-06 12:29:14.766 | PollThreadWorker::poll_loop wait 435001
I [/home/dp012/Desktop/gitmac/mako-pr/src/rrr/reactor/reactor.cc:297] 2025-12-06 12:29:15.330 | PollThreadWorker::poll_loop wait 436001
I [/home/dp012/Desktop/gitmac/mako-pr/src/rrr/reactor/reactor.cc:297] 2025-12-06 12:29:15.899 | PollThreadWorker::poll_loop wait 437001
I [/home/dp012/Desktop/gitmac/mako-pr/src/rrr/reactor/reactor.cc:297] 2025-12-06 12:29:16.482 | PollThreadWorker::poll_loop wait 438001
I [/home/dp012/Desktop/gitmac/mako-pr/src/rrr/reactor/reactor.cc:297] 2025-12-06 12:29:17.070 | PollThreadWorker::poll_loop wait 439001
I [/home/dp012/Desktop/gitmac/mako-pr/src/rrr/reactor/reactor.cc:297] 2025-12-06 12:29:17.647 | PollThreadWorker::poll_loop wait 440001
I [/home/dp012/Desktop/gitmac/mako-pr/src/rrr/reactor/reactor.cc:297] 2025-12-06 12:29:18.226 | PollThreadWorker::poll_loop wait 441001
I [/home/dp012/Desktop/gitmac/mako-pr/src/rrr/reactor/reactor.cc:297] 2025-12-06 12:29:18.810 | PollThreadWorker::poll_loop wait 442001
I [/home/dp012/Desktop/gitmac/mako-pr/src/rrr/reactor/reactor.cc:297] 2025-12-06 12:29:19.398 | PollThreadWorker::poll_loop wait 443001
I [/home/dp012/Desktop/gitmac/mako-pr/src/rrr/reactor/reactor.cc:297] 2025-12-06 12:29:19.995 | PollThreadWorker::poll_loop wait 444001
I [/home/dp012/Desktop/gitmac/mako-pr/src/rrr/reactor/reactor.cc:297] 2025-12-06 12:29:20.563 | PollThreadWorker::poll_loop wait 445001
I [/home/dp012/Desktop/gitmac/mako-pr/src/rrr/reactor/reactor.cc:297] 2025-12-06 12:29:21.131 | PollThreadWorker::poll_loop wait 446001
I [/home/dp012/Desktop/gitmac/mako-pr/src/rrr/reactor/reactor.cc:297] 2025-12-06 12:29:21.696 | PollThreadWorker::poll_loop wait 447001
I [/home/dp012/Desktop/gitmac/mako-pr/src/rrr/reactor/reactor.cc:297] 2025-12-06 12:29:22.271 | PollThreadWorker::poll_loop wait 448001
I [/home/dp012/Desktop/gitmac/mako-pr/src/rrr/reactor/reactor.cc:297] 2025-12-06 12:29:22.835 | PollThreadWorker::poll_loop wait 449001
I [/home/dp012/Desktop/gitmac/mako-pr/src/rrr/reactor/reactor.cc:297] 2025-12-06 12:29:23.404 | PollThreadWorker::poll_loop wait 450001
I [/home/dp012/Desktop/gitmac/mako-pr/src/rrr/reactor/reactor.cc:297] 2025-12-06 12:29:23.965 | PollThreadWorker::poll_loop wait 451001
I [/home/dp012/Desktop/gitmac/mako-pr/src/rrr/reactor/reactor.cc:297] 2025-12-06 12:29:24.530 | PollThreadWorker::poll_loop wait 452001
I [/home/dp012/Desktop/gitmac/mako-pr/src/rrr/reactor/reactor.cc:297] 2025-12-06 12:29:25.071 | PollThreadWorker::poll_loop wait 453001
I [/home/dp012/Desktop/gitmac/mako-pr/src/rrr/reactor/reactor.cc:297] 2025-12-06 12:29:25.628 | PollThreadWorker::poll_loop wait 454001
I [/home/dp012/Desktop/gitmac/mako-pr/src/rrr/reactor/reactor.cc:297] 2025-12-06 12:29:26.204 | PollThreadWorker::poll_loop wait 455001
I [/home/dp012/Desktop/gitmac/mako-pr/src/rrr/reactor/reactor.cc:297] 2025-12-06 12:29:26.767 | PollThreadWorker::poll_loop wait 456001
I [/home/dp012/Desktop/gitmac/mako-pr/src/rrr/reactor/reactor.cc:297] 2025-12-06 12:29:27.335 | PollThreadWorker::poll_loop wait 457001
I [/home/dp012/Desktop/gitmac/mako-pr/src/rrr/reactor/reactor.cc:297] 2025-12-06 12:29:27.901 | PollThreadWorker::poll_loop wait 458001
I [/home/dp012/Desktop/gitmac/mako-pr/src/rrr/reactor/reactor.cc:297] 2025-12-06 12:29:28.477 | PollThreadWorker::poll_loop wait 459001
I [/home/dp012/Desktop/gitmac/mako-pr/src/rrr/reactor/reactor.cc:297] 2025-12-06 12:29:29.049 | PollThreadWorker::poll_loop wait 460001
I [/home/dp012/Desktop/gitmac/mako-pr/src/rrr/reactor/reactor.cc:297] 2025-12-06 12:29:29.627 | PollThreadWorker::poll_loop wait 461001
I [/home/dp012/Desktop/gitmac/mako-pr/src/rrr/reactor/reactor.cc:297] 2025-12-06 12:29:30.198 | PollThreadWorker::poll_loop wait 462001
I [/home/dp012/Desktop/gitmac/mako-pr/src/rrr/reactor/reactor.cc:297] 2025-12-06 12:29:30.774 | PollThreadWorker::poll_loop wait 463001
I [/home/dp012/Desktop/gitmac/mako-pr/src/rrr/reactor/reactor.cc:297] 2025-12-06 12:29:31.341 | PollThreadWorker::poll_loop wait 464001
I [/home/dp012/Desktop/gitmac/mako-pr/src/rrr/reactor/reactor.cc:297] 2025-12-06 12:29:31.904 | PollThreadWorker::poll_loop wait 465001
I [/home/dp012/Desktop/gitmac/mako-pr/src/rrr/reactor/reactor.cc:297] 2025-12-06 12:29:32.467 | PollThreadWorker::poll_loop wait 466001
I [/home/dp012/Desktop/gitmac/mako-pr/src/rrr/reactor/reactor.cc:297] 2025-12-06 12:29:33.031 | PollThreadWorker::poll_loop wait 467001
I [/home/dp012/Desktop/gitmac/mako-pr/src/rrr/reactor/reactor.cc:297] 2025-12-06 12:29:33.597 | PollThreadWorker::poll_loop wait 468001
I [/home/dp012/Desktop/gitmac/mako-pr/src/rrr/reactor/reactor.cc:297] 2025-12-06 12:29:34.161 | PollThreadWorker::poll_loop wait 469001
I [/home/dp012/Desktop/gitmac/mako-pr/src/rrr/reactor/reactor.cc:297] 2025-12-06 12:29:34.727 | PollThreadWorker::poll_loop wait 470001
I [/home/dp012/Desktop/gitmac/mako-pr/src/rrr/reactor/reactor.cc:297] 2025-12-06 12:29:35.291 | PollThreadWorker::poll_loop wait 471001
I [/home/dp012/Desktop/gitmac/mako-pr/src/rrr/reactor/reactor.cc:297] 2025-12-06 12:29:35.860 | PollThreadWorker::poll_loop wait 472001
I [/home/dp012/Desktop/gitmac/mako-pr/src/rrr/reactor/reactor.cc:297] 2025-12-06 12:29:36.414 | PollThreadWorker::poll_loop wait 473001
I [/home/dp012/Desktop/gitmac/mako-pr/src/rrr/reactor/reactor.cc:297] 2025-12-06 12:29:36.971 | PollThreadWorker::poll_loop wait 474001
I [/home/dp012/Desktop/gitmac/mako-pr/src/rrr/reactor/reactor.cc:297] 2025-12-06 12:29:37.530 | PollThreadWorker::poll_loop wait 475001
I [/home/dp012/Desktop/gitmac/mako-pr/src/rrr/reactor/reactor.cc:297] 2025-12-06 12:29:38.095 | PollThreadWorker::poll_loop wait 476001
I [/home/dp012/Desktop/gitmac/mako-pr/src/rrr/reactor/reactor.cc:297] 2025-12-06 12:29:38.653 | PollThreadWorker::poll_loop wait 477001
I [/home/dp012/Desktop/gitmac/mako-pr/src/rrr/reactor/reactor.cc:297] 2025-12-06 12:29:39.225 | PollThreadWorker::poll_loop wait 478001
I [/home/dp012/Desktop/gitmac/mako-pr/src/rrr/reactor/reactor.cc:297] 2025-12-06 12:29:39.787 | PollThreadWorker::poll_loop wait 479001
I [/home/dp012/Desktop/gitmac/mako-pr/src/rrr/reactor/reactor.cc:297] 2025-12-06 12:29:40.356 | PollThreadWorker::poll_loop wait 480001
I [/home/dp012/Desktop/gitmac/mako-pr/src/rrr/reactor/reactor.cc:297] 2025-12-06 12:29:40.917 | PollThreadWorker::poll_loop wait 481001
I [/home/dp012/Desktop/gitmac/mako-pr/src/rrr/reactor/reactor.cc:297] 2025-12-06 12:29:41.480 | PollThreadWorker::poll_loop wait 482001
I [/home/dp012/Desktop/gitmac/mako-pr/src/rrr/reactor/reactor.cc:297] 2025-12-06 12:29:42.053 | PollThreadWorker::poll_loop wait 483001
I [/home/dp012/Desktop/gitmac/mako-pr/src/rrr/reactor/reactor.cc:297] 2025-12-06 12:29:42.609 | PollThreadWorker::poll_loop wait 484001
I [/home/dp012/Desktop/gitmac/mako-pr/src/rrr/reactor/reactor.cc:297] 2025-12-06 12:29:43.164 | PollThreadWorker::poll_loop wait 485001
I [/home/dp012/Desktop/gitmac/mako-pr/src/rrr/reactor/reactor.cc:297] 2025-12-06 12:29:43.725 | PollThreadWorker::poll_loop wait 486001
I [/home/dp012/Desktop/gitmac/mako-pr/src/rrr/reactor/reactor.cc:297] 2025-12-06 12:29:44.287 | PollThreadWorker::poll_loop wait 487001
I [/home/dp012/Desktop/gitmac/mako-pr/src/rrr/reactor/reactor.cc:297] 2025-12-06 12:29:44.847 | PollThreadWorker::poll_loop wait 488001
I [/home/dp012/Desktop/gitmac/mako-pr/src/rrr/reactor/reactor.cc:297] 2025-12-06 12:29:45.407 | PollThreadWorker::poll_loop wait 489001
I [/home/dp012/Desktop/gitmac/mako-pr/src/rrr/reactor/reactor.cc:297] 2025-12-06 12:29:45.956 | PollThreadWorker::poll_loop wait 490001
I [/home/dp012/Desktop/gitmac/mako-pr/src/rrr/reactor/reactor.cc:297] 2025-12-06 12:29:46.505 | PollThreadWorker::poll_loop wait 491001
I [/home/dp012/Desktop/gitmac/mako-pr/src/rrr/reactor/reactor.cc:297] 2025-12-06 12:29:47.050 | PollThreadWorker::poll_loop wait 492001
I [/home/dp012/Desktop/gitmac/mako-pr/src/rrr/reactor/reactor.cc:297] 2025-12-06 12:29:47.594 | PollThreadWorker::poll_loop wait 493001
I [/home/dp012/Desktop/gitmac/mako-pr/src/rrr/reactor/reactor.cc:297] 2025-12-06 12:29:48.159 | PollThreadWorker::poll_loop wait 494001
I [/home/dp012/Desktop/gitmac/mako-pr/src/rrr/reactor/reactor.cc:297] 2025-12-06 12:29:48.739 | PollThreadWorker::poll_loop wait 495001
I [/home/dp012/Desktop/gitmac/mako-pr/src/rrr/reactor/reactor.cc:297] 2025-12-06 12:29:49.289 | PollThreadWorker::poll_loop wait 496001
I [/home/dp012/Desktop/gitmac/mako-pr/src/rrr/reactor/reactor.cc:297] 2025-12-06 12:29:49.846 | PollThreadWorker::poll_loop wait 497001
I [/home/dp012/Desktop/gitmac/mako-pr/src/rrr/reactor/reactor.cc:297] 2025-12-06 12:29:50.401 | PollThreadWorker::poll_loop wait 498001
I [/home/dp012/Desktop/gitmac/mako-pr/src/rrr/reactor/reactor.cc:297] 2025-12-06 12:29:50.971 | PollThreadWorker::poll_loop wait 499001
I [/home/dp012/Desktop/gitmac/mako-pr/src/rrr/reactor/reactor.cc:297] 2025-12-06 12:29:51.550 | PollThreadWorker::poll_loop wait 500001
I [/home/dp012/Desktop/gitmac/mako-pr/src/rrr/reactor/reactor.cc:297] 2025-12-06 12:29:52.109 | PollThreadWorker::poll_loop wait 501001
I [/home/dp012/Desktop/gitmac/mako-pr/src/rrr/reactor/reactor.cc:297] 2025-12-06 12:29:52.684 | PollThreadWorker::poll_loop wait 502001
I [/home/dp012/Desktop/gitmac/mako-pr/src/rrr/reactor/reactor.cc:297] 2025-12-06 12:29:53.239 | PollThreadWorker::poll_loop wait 503001
I [/home/dp012/Desktop/gitmac/mako-pr/src/rrr/reactor/reactor.cc:297] 2025-12-06 12:29:53.800 | PollThreadWorker::poll_loop wait 504001
I [/home/dp012/Desktop/gitmac/mako-pr/src/rrr/reactor/reactor.cc:297] 2025-12-06 12:29:54.360 | PollThreadWorker::poll_loop wait 505001
I [/home/dp012/Desktop/gitmac/mako-pr/src/rrr/reactor/reactor.cc:297] 2025-12-06 12:29:54.919 | PollThreadWorker::poll_loop wait 506001
I [/home/dp012/Desktop/gitmac/mako-pr/src/rrr/reactor/reactor.cc:297] 2025-12-06 12:29:55.468 | PollThreadWorker::poll_loop wait 507001
I [/home/dp012/Desktop/gitmac/mako-pr/src/rrr/reactor/reactor.cc:297] 2025-12-06 12:29:56.029 | PollThreadWorker::poll_loop wait 508001
I [/home/dp012/Desktop/gitmac/mako-pr/src/rrr/reactor/reactor.cc:297] 2025-12-06 12:29:56.590 | PollThreadWorker::poll_loop wait 509001
I [/home/dp012/Desktop/gitmac/mako-pr/src/rrr/reactor/reactor.cc:297] 2025-12-06 12:29:57.162 | PollThreadWorker::poll_loop wait 510001
I [/home/dp012/Desktop/gitmac/mako-pr/src/rrr/reactor/reactor.cc:297] 2025-12-06 12:29:57.733 | PollThreadWorker::poll_loop wait 511001
I [/home/dp012/Desktop/gitmac/mako-pr/src/rrr/reactor/reactor.cc:297] 2025-12-06 12:29:58.293 | PollThreadWorker::poll_loop wait 512001
I [/home/dp012/Desktop/gitmac/mako-pr/src/rrr/reactor/reactor.cc:297] 2025-12-06 12:29:58.841 | PollThreadWorker::poll_loop wait 513001
I [/home/dp012/Desktop/gitmac/mako-pr/src/rrr/reactor/reactor.cc:297] 2025-12-06 12:29:59.392 | PollThreadWorker::poll_loop wait 514001
I [/home/dp012/Desktop/gitmac/mako-pr/src/rrr/reactor/reactor.cc:297] 2025-12-06 12:29:59.956 | PollThreadWorker::poll_loop wait 515001
I [/home/dp012/Desktop/gitmac/mako-pr/src/rrr/reactor/reactor.cc:297] 2025-12-06 12:30:00.518 | PollThreadWorker::poll_loop wait 516001
I [/home/dp012/Desktop/gitmac/mako-pr/src/rrr/reactor/reactor.cc:297] 2025-12-06 12:30:01.067 | PollThreadWorker::poll_loop wait 517001
I [/home/dp012/Desktop/gitmac/mako-pr/src/rrr/reactor/reactor.cc:297] 2025-12-06 12:30:01.618 | PollThreadWorker::poll_loop wait 518001
I [/home/dp012/Desktop/gitmac/mako-pr/src/rrr/reactor/reactor.cc:297] 2025-12-06 12:30:02.171 | PollThreadWorker::poll_loop wait 519001
I [/home/dp012/Desktop/gitmac/mako-pr/src/rrr/reactor/reactor.cc:297] 2025-12-06 12:30:02.729 | PollThreadWorker::poll_loop wait 520001
I [/home/dp012/Desktop/gitmac/mako-pr/src/rrr/reactor/reactor.cc:297] 2025-12-06 12:30:03.277 | PollThreadWorker::poll_loop wait 521001
I [/home/dp012/Desktop/gitmac/mako-pr/src/rrr/reactor/reactor.cc:297] 2025-12-06 12:30:03.829 | PollThreadWorker::poll_loop wait 522001
I [/home/dp012/Desktop/gitmac/mako-pr/src/rrr/reactor/reactor.cc:297] 2025-12-06 12:30:04.377 | PollThreadWorker::poll_loop wait 523001
I [/home/dp012/Desktop/gitmac/mako-pr/src/rrr/reactor/reactor.cc:297] 2025-12-06 12:30:04.928 | PollThreadWorker::poll_loop wait 524001
I [/home/dp012/Desktop/gitmac/mako-pr/src/rrr/reactor/reactor.cc:297] 2025-12-06 12:30:05.483 | PollThreadWorker::poll_loop wait 525001
I [/home/dp012/Desktop/gitmac/mako-pr/src/rrr/reactor/reactor.cc:297] 2025-12-06 12:30:06.039 | PollThreadWorker::poll_loop wait 526001
I [/home/dp012/Desktop/gitmac/mako-pr/src/rrr/reactor/reactor.cc:297] 2025-12-06 12:30:06.583 | PollThreadWorker::poll_loop wait 527001
I [/home/dp012/Desktop/gitmac/mako-pr/src/rrr/reactor/reactor.cc:297] 2025-12-06 12:30:07.129 | PollThreadWorker::poll_loop wait 528001
I [/home/dp012/Desktop/gitmac/mako-pr/src/rrr/reactor/reactor.cc:297] 2025-12-06 12:30:07.677 | PollThreadWorker::poll_loop wait 529001
I [/home/dp012/Desktop/gitmac/mako-pr/src/rrr/reactor/reactor.cc:297] 2025-12-06 12:30:08.219 | PollThreadWorker::poll_loop wait 530001
I [/home/dp012/Desktop/gitmac/mako-pr/src/rrr/reactor/reactor.cc:297] 2025-12-06 12:30:08.768 | PollThreadWorker::poll_loop wait 531001
I [/home/dp012/Desktop/gitmac/mako-pr/src/rrr/reactor/reactor.cc:297] 2025-12-06 12:30:09.314 | PollThreadWorker::poll_loop wait 532001
I [/home/dp012/Desktop/gitmac/mako-pr/src/rrr/reactor/reactor.cc:297] 2025-12-06 12:30:09.867 | PollThreadWorker::poll_loop wait 533001
I [/home/dp012/Desktop/gitmac/mako-pr/src/rrr/reactor/reactor.cc:297] 2025-12-06 12:30:10.411 | PollThreadWorker::poll_loop wait 534001
I [/home/dp012/Desktop/gitmac/mako-pr/src/rrr/reactor/reactor.cc:297] 2025-12-06 12:30:10.956 | PollThreadWorker::poll_loop wait 535001
I [/home/dp012/Desktop/gitmac/mako-pr/src/rrr/reactor/reactor.cc:297] 2025-12-06 12:30:11.498 | PollThreadWorker::poll_loop wait 536001
I [/home/dp012/Desktop/gitmac/mako-pr/src/rrr/reactor/reactor.cc:297] 2025-12-06 12:30:12.039 | PollThreadWorker::poll_loop wait 537001
I [/home/dp012/Desktop/gitmac/mako-pr/src/rrr/reactor/reactor.cc:297] 2025-12-06 12:30:12.594 | PollThreadWorker::poll_loop wait 538001
I [/home/dp012/Desktop/gitmac/mako-pr/src/rrr/reactor/reactor.cc:297] 2025-12-06 12:30:13.155 | PollThreadWorker::poll_loop wait 539001
I [/home/dp012/Desktop/gitmac/mako-pr/src/rrr/reactor/reactor.cc:297] 2025-12-06 12:30:13.712 | PollThreadWorker::poll_loop wait 540001
I [/home/dp012/Desktop/gitmac/mako-pr/src/rrr/reactor/reactor.cc:297] 2025-12-06 12:30:14.266 | PollThreadWorker::poll_loop wait 541001
I [/home/dp012/Desktop/gitmac/mako-pr/src/rrr/reactor/reactor.cc:297] 2025-12-06 12:30:14.827 | PollThreadWorker::poll_loop wait 542001
I [/home/dp012/Desktop/gitmac/mako-pr/src/rrr/reactor/reactor.cc:297] 2025-12-06 12:30:15.390 | PollThreadWorker::poll_loop wait 543001
I [/home/dp012/Desktop/gitmac/mako-pr/src/rrr/reactor/reactor.cc:297] 2025-12-06 12:30:15.950 | PollThreadWorker::poll_loop wait 544001
I [/home/dp012/Desktop/gitmac/mako-pr/src/rrr/reactor/reactor.cc:297] 2025-12-06 12:30:16.520 | PollThreadWorker::poll_loop wait 545001
I [/home/dp012/Desktop/gitmac/mako-pr/src/rrr/reactor/reactor.cc:297] 2025-12-06 12:30:17.099 | PollThreadWorker::poll_loop wait 546001
I [/home/dp012/Desktop/gitmac/mako-pr/src/rrr/reactor/reactor.cc:297] 2025-12-06 12:30:17.655 | PollThreadWorker::poll_loop wait 547001
I [/home/dp012/Desktop/gitmac/mako-pr/src/rrr/reactor/reactor.cc:297] 2025-12-06 12:30:18.235 | PollThreadWorker::poll_loop wait 548001
I [/home/dp012/Desktop/gitmac/mako-pr/src/rrr/reactor/reactor.cc:297] 2025-12-06 12:30:18.801 | PollThreadWorker::poll_loop wait 549001
I [/home/dp012/Desktop/gitmac/mako-pr/src/rrr/reactor/reactor.cc:297] 2025-12-06 12:30:19.373 | PollThreadWorker::poll_loop wait 550001
I [/home/dp012/Desktop/gitmac/mako-pr/src/rrr/reactor/reactor.cc:297] 2025-12-06 12:30:19.943 | PollThreadWorker::poll_loop wait 551001
I [/home/dp012/Desktop/gitmac/mako-pr/src/rrr/reactor/reactor.cc:297] 2025-12-06 12:30:20.512 | PollThreadWorker::poll_loop wait 552001
I [/home/dp012/Desktop/gitmac/mako-pr/src/rrr/reactor/reactor.cc:297] 2025-12-06 12:30:21.090 | PollThreadWorker::poll_loop wait 553001
I [/home/dp012/Desktop/gitmac/mako-pr/src/rrr/reactor/reactor.cc:297] 2025-12-06 12:30:21.661 | PollThreadWorker::poll_loop wait 554001
I [/home/dp012/Desktop/gitmac/mako-pr/src/rrr/reactor/reactor.cc:297] 2025-12-06 12:30:22.232 | PollThreadWorker::poll_loop wait 555001
I [/home/dp012/Desktop/gitmac/mako-pr/src/rrr/reactor/reactor.cc:297] 2025-12-06 12:30:22.802 | PollThreadWorker::poll_loop wait 556001
I [/home/dp012/Desktop/gitmac/mako-pr/src/rrr/reactor/reactor.cc:297] 2025-12-06 12:30:23.377 | PollThreadWorker::poll_loop wait 557001
I [/home/dp012/Desktop/gitmac/mako-pr/src/rrr/reactor/reactor.cc:297] 2025-12-06 12:30:23.946 | PollThreadWorker::poll_loop wait 558001
I [/home/dp012/Desktop/gitmac/mako-pr/src/rrr/reactor/reactor.cc:297] 2025-12-06 12:30:24.526 | PollThreadWorker::poll_loop wait 559001
I [/home/dp012/Desktop/gitmac/mako-pr/src/rrr/reactor/reactor.cc:297] 2025-12-06 12:30:25.102 | PollThreadWorker::poll_loop wait 560001
I [/home/dp012/Desktop/gitmac/mako-pr/src/rrr/reactor/reactor.cc:297] 2025-12-06 12:30:25.665 | PollThreadWorker::poll_loop wait 561001
I [/home/dp012/Desktop/gitmac/mako-pr/src/rrr/reactor/reactor.cc:297] 2025-12-06 12:30:26.225 | PollThreadWorker::poll_loop wait 562001
I [/home/dp012/Desktop/gitmac/mako-pr/src/rrr/reactor/reactor.cc:297] 2025-12-06 12:30:26.812 | PollThreadWorker::poll_loop wait 563001
I [/home/dp012/Desktop/gitmac/mako-pr/src/rrr/reactor/reactor.cc:297] 2025-12-06 12:30:27.384 | PollThreadWorker::poll_loop wait 564001
I [/home/dp012/Desktop/gitmac/mako-pr/src/rrr/reactor/reactor.cc:297] 2025-12-06 12:30:27.965 | PollThreadWorker::poll_loop wait 565001
I [/home/dp012/Desktop/gitmac/mako-pr/src/rrr/reactor/reactor.cc:297] 2025-12-06 12:30:28.549 | PollThreadWorker::poll_loop wait 566001
I [/home/dp012/Desktop/gitmac/mako-pr/src/rrr/reactor/reactor.cc:297] 2025-12-06 12:30:29.115 | PollThreadWorker::poll_loop wait 567001
I [/home/dp012/Desktop/gitmac/mako-pr/src/rrr/reactor/reactor.cc:297] 2025-12-06 12:30:29.698 | PollThreadWorker