PartitionFromKey: w_id=0, num_partitions=2, p=0
PartitionFromKey: w_id=1, num_partitions=2, p=1
PartitionFromKey: w_id=2, num_partitions=2, p=0
PartitionFromKey: w_id=3, num_partitions=2, p=1
PopulateTable: Stock foreign w_id size: 2 on par_id=1
PopulateTable: Stock foreign w_id value: 1 on par_id=1
PopulateTable: Stock foreign w_id value: 3 on par_id=1
PopulateTable: Stock num_records: 40000
PopulateTable: Stock prim_foreign_index size: 2
PopulateTable: Stock col 0 size 10000
PopulateTable: Stock col 1 size 2
PopulateTable: Stock num_records: 40000
PopulateTable: Stock prim_foreign_index size: 2
PopulateTable: Stock col 0 size 10000
PopulateTable: Stock col 1 size 2
I [/home/dp012/Desktop/gitmac/mako-pr/src/deptran/s_main.cc:124] 2025-12-06 12:25:06.982 | PWD : 
I [/home/dp012/Desktop/gitmac/mako-pr/src/deptran/s_main.cc:136] 2025-12-06 12:25:06.982 | starting process 360871
I [/home/dp012/Desktop/gitmac/mako-pr/src/deptran/config.cc:77] 2025-12-06 12:25:06.982 | CreateConfig: argc=12
I [/home/dp012/Desktop/gitmac/mako-pr/src/deptran/config.cc:79] 2025-12-06 12:25:06.982 | argv[0]=./build/deptran_server
I [/home/dp012/Desktop/gitmac/mako-pr/src/deptran/config.cc:79] 2025-12-06 12:25:06.982 | argv[1]=-b
I [/home/dp012/Desktop/gitmac/mako-pr/src/deptran/config.cc:79] 2025-12-06 12:25:06.982 | argv[2]=-d
I [/home/dp012/Desktop/gitmac/mako-pr/src/deptran/config.cc:79] 2025-12-06 12:25:06.982 | argv[3]=30
I [/home/dp012/Desktop/gitmac/mako-pr/src/deptran/config.cc:79] 2025-12-06 12:25:06.982 | argv[4]=-f
I [/home/dp012/Desktop/gitmac/mako-pr/src/deptran/config.cc:79] 2025-12-06 12:25:06.982 | argv[5]=test_det_multipart.yml
I [/home/dp012/Desktop/gitmac/mako-pr/src/deptran/config.cc:79] 2025-12-06 12:25:06.982 | argv[6]=-P
I [/home/dp012/Desktop/gitmac/mako-pr/src/deptran/config.cc:79] 2025-12-06 12:25:06.982 | argv[7]=s2_proc
I [/home/dp012/Desktop/gitmac/mako-pr/src/deptran/config.cc:79] 2025-12-06 12:25:06.982 | argv[8]=-p
I [/home/dp012/Desktop/gitmac/mako-pr/src/deptran/config.cc:79] 2025-12-06 12:25:06.982 | argv[9]=18102
I [/home/dp012/Desktop/gitmac/mako-pr/src/deptran/config.cc:79] 2025-12-06 12:25:06.982 | argv[10]=-t
I [/home/dp012/Desktop/gitmac/mako-pr/src/deptran/config.cc:79] 2025-12-06 12:25:06.982 | argv[11]=180
I [/home/dp012/Desktop/gitmac/mako-pr/src/deptran/config.cc:221] 2025-12-06 12:25:06.982 | CreateConfig: Final duration=30
I [/home/dp012/Desktop/gitmac/mako-pr/src/deptran/config.cc:297] 2025-12-06 12:25:06.982 | LoadYML: test_det_multipart.yml
I [/home/dp012/Desktop/gitmac/mako-pr/src/deptran/config.cc:696] 2025-12-06 12:25:06.988 | group size: 2
I [/home/dp012/Desktop/gitmac/mako-pr/src/deptran/config.cc:696] 2025-12-06 12:25:06.988 | group size: 2
I [/home/dp012/Desktop/gitmac/mako-pr/src/deptran/config.cc:696] 2025-12-06 12:25:06.988 | group size: 2
I [/home/dp012/Desktop/gitmac/mako-pr/src/deptran/config.cc:696] 2025-12-06 12:25:06.988 | group size: 2
I [/home/dp012/Desktop/gitmac/mako-pr/src/deptran/config.cc:696] 2025-12-06 12:25:06.988 | group size: 2
I [/home/dp012/Desktop/gitmac/mako-pr/src/deptran/config.cc:696] 2025-12-06 12:25:06.988 | group size: 2
I [/home/dp012/Desktop/gitmac/mako-pr/src/deptran/config.cc:696] 2025-12-06 12:25:06.988 | group size: 2
I [/home/dp012/Desktop/gitmac/mako-pr/src/deptran/config.cc:696] 2025-12-06 12:25:06.988 | group size: 2
I [/home/dp012/Desktop/gitmac/mako-pr/src/deptran/config.cc:696] 2025-12-06 12:25:06.988 | group size: 2
I [/home/dp012/Desktop/gitmac/mako-pr/src/deptran/config.cc:720] 2025-12-06 12:25:06.988 | client forwarding: 0
I [/home/dp012/Desktop/gitmac/mako-pr/src/deptran/s_main.cc:66] 2025-12-06 12:25:06.988 | server enabled, number of sites: 1
I [/home/dp012/Desktop/gitmac/mako-pr/src/deptran/s_main.cc:72] 2025-12-06 12:25:06.988 | launching site: 1, bind address 0.0.0.0:18102
I [/home/dp012/Desktop/gitmac/mako-pr/src/deptran/server_worker.cc:79] 2025-12-06 12:25:07.009 | start data population for site 1
I [/home/dp012/Desktop/gitmac/mako-pr/src/deptran/server_worker.cc:106] 2025-12-06 12:25:07.558 | data populated for site: 1, partition: 1
I [/home/dp012/Desktop/gitmac/mako-pr/src/deptran/s_main.cc:82] 2025-12-06 12:25:07.558 | table popped for site 1
I [/home/dp012/Desktop/gitmac/mako-pr/src/deptran/server_worker.cc:121] 2025-12-06 12:25:07.558 | enter SetupService for s2 @ 0.0.0.0:18102
I [/home/dp012/Desktop/gitmac/mako-pr/src/deptran/server_worker.cc:162] 2025-12-06 12:25:07.559 | ServerWorker::SetupService registering service: 0x757e249eb920
I [/home/dp012/Desktop/gitmac/mako-pr/src/deptran/server_worker.cc:162] 2025-12-06 12:25:07.559 | ServerWorker::SetupService registering service: 0x757e2c0047d0
I [/home/dp012/Desktop/gitmac/mako-pr/src/rrr/reactor/reactor.cc:297] 2025-12-06 12:25:07.559 | PollThreadWorker::poll_loop wait 1
I [/home/dp012/Desktop/gitmac/mako-pr/src/deptran/server_worker.cc:173] 2025-12-06 12:25:07.559 | Server s2 ready at 0.0.0.0:18102
I [/home/dp012/Desktop/gitmac/mako-pr/src/deptran/s_main.cc:85] 2025-12-06 12:25:07.559 | start communication for site 1
I [/home/dp012/Desktop/gitmac/mako-pr/src/deptran/communicator.cc:14] 2025-12-06 12:25:07.559 | setup paxos communicator
I [/home/dp012/Desktop/gitmac/mako-pr/src/deptran/communicator.cc:174] 2025-12-06 12:25:07.559 | connect to site: 127.0.0.1:18101 (attempt 0)
I [/home/dp012/Desktop/gitmac/mako-pr/src/deptran/communicator.cc:174] 2025-12-06 12:25:07.559 | connect to site: 127.0.0.1:18102 (attempt 0)
I [/home/dp012/Desktop/gitmac/mako-pr/src/deptran/communicator.cc:14] 2025-12-06 12:25:07.559 | setup paxos communicator
I [/home/dp012/Desktop/gitmac/mako-pr/src/deptran/communicator.cc:174] 2025-12-06 12:25:07.559 | connect to site: 127.0.0.1:18101 (attempt 0)
I [/home/dp012/Desktop/gitmac/mako-pr/src/deptran/communicator.cc:174] 2025-12-06 12:25:07.559 | connect to site: 127.0.0.1:18102 (attempt 0)
I [/home/dp012/Desktop/gitmac/mako-pr/src/deptran/s_main.cc:87] 2025-12-06 12:25:07.559 | site 1 launched!
I [/home/dp012/Desktop/gitmac/mako-pr/src/deptran/s_main.cc:98] 2025-12-06 12:25:07.988 | waiting for server setup threads.
I [/home/dp012/Desktop/gitmac/mako-pr/src/deptran/s_main.cc:102] 2025-12-06 12:25:07.988 | done waiting for server setup threads.
I [/home/dp012/Desktop/gitmac/mako-pr/src/deptran/server_worker.cc:32] 2025-12-06 12:25:07.988 | heartbeat setup for s2 on 0.0.0.0:28102
I [/home/dp012/Desktop/gitmac/mako-pr/src/deptran/s_main.cc:109] 2025-12-06 12:25:07.988 | server workers' communicators setup
I [/home/dp012/Desktop/gitmac/mako-pr/src/rrr/reactor/reactor.cc:297] 2025-12-06 12:25:08.750 | PollThreadWorker::poll_loop wait 1001
I [/home/dp012/Desktop/gitmac/mako-pr/src/rrr/reactor/reactor.cc:297] 2025-12-06 12:25:09.890 | PollThreadWorker::poll_loop wait 2001
I [/home/dp012/Desktop/gitmac/mako-pr/src/rrr/reactor/reactor.cc:297] 2025-12-06 12:25:11.046 | PollThreadWorker::poll_loop wait 3001
I [/home/dp012/Desktop/gitmac/mako-pr/src/rrr/reactor/reactor.cc:297] 2025-12-06 12:25:12.180 | PollThreadWorker::poll_loop wait 4001
I [/home/dp012/Desktop/gitmac/mako-pr/src/rrr/reactor/reactor.cc:297] 2025-12-06 12:25:13.332 | PollThreadWorker::poll_loop wait 5001
I [/home/dp012/Desktop/gitmac/mako-pr/src/rrr/reactor/reactor.cc:297] 2025-12-06 12:25:14.510 | PollThreadWorker::poll_loop wait 6001
I [/home/dp012/Desktop/gitmac/mako-pr/src/rrr/reactor/reactor.cc:297] 2025-12-06 12:25:15.650 | PollThreadWorker::poll_loop wait 7001
I [/home/dp012/Desktop/gitmac/mako-pr/src/rrr/reactor/reactor.cc:297] 2025-12-06 12:25:16.800 | PollThreadWorker::poll_loop wait 8001
I [/home/dp012/Desktop/gitmac/mako-pr/src/rrr/reactor/reactor.cc:297] 2025-12-06 12:25:17.943 | PollThreadWorker::poll_loop wait 9001
I [/home/dp012/Desktop/gitmac/mako-pr/src/rrr/reactor/reactor.cc:297] 2025-12-06 12:25:19.063 | PollThreadWorker::poll_loop wait 10001
I [/home/dp012/Desktop/gitmac/mako-pr/src/rrr/reactor/reactor.cc:297] 2025-12-06 12:25:20.191 | PollThreadWorker::poll_loop wait 11001
I [/home/dp012/Desktop/gitmac/mako-pr/src/rrr/reactor/reactor.cc:297] 2025-12-06 12:25:21.316 | PollThreadWorker::poll_loop wait 12001
I [/home/dp012/Desktop/gitmac/mako-pr/src/rrr/reactor/reactor.cc:297] 2025-12-06 12:25:22.467 | PollThreadWorker::poll_loop wait 13001
I [/home/dp012/Desktop/gitmac/mako-pr/src/rrr/reactor/reactor.cc:297] 2025-12-06 12:25:23.614 | PollThreadWorker::poll_loop wait 14001
I [/home/dp012/Desktop/gitmac/mako-pr/src/rrr/reactor/reactor.cc:297] 2025-12-06 12:25:24.743 | PollThreadWorker::poll_loop wait 15001
I [/home/dp012/Desktop/gitmac/mako-pr/src/rrr/reactor/reactor.cc:297] 2025-12-06 12:25:25.870 | PollThreadWorker::poll_loop wait 16001
I [/home/dp012/Desktop/gitmac/mako-pr/src/rrr/reactor/reactor.cc:297] 2025-12-06 12:25:27.007 | PollThreadWorker::poll_loop wait 17001
I [/home/dp012/Desktop/gitmac/mako-pr/src/rrr/reactor/reactor.cc:297] 2025-12-06 12:25:28.170 | PollThreadWorker::poll_loop wait 18001
I [/home/dp012/Desktop/gitmac/mako-pr/src/rrr/reactor/reactor.cc:297] 2025-12-06 12:25:29.342 | PollThreadWorker::poll_loop wait 19001
I [/home/dp012/Desktop/gitmac/mako-pr/src/rrr/reactor/reactor.cc:297] 2025-12-06 12:25:30.512 | PollThreadWorker::poll_loop wait 20001
I [/home/dp012/Desktop/gitmac/mako-pr/src/rrr/reactor/reactor.cc:297] 2025-12-06 12:25:31.663 | PollThreadWorker::poll_loop wait 21001
I [/home/dp012/Desktop/gitmac/mako-pr/src/rrr/reactor/reactor.cc:297] 2025-12-06 12:25:32.841 | PollThreadWorker::poll_loop wait 22001
I [/home/dp012/Desktop/gitmac/mako-pr/src/rrr/reactor/reactor.cc:297] 2025-12-06 12:25:33.991 | PollThreadWorker::poll_loop wait 23001
I [/home/dp012/Desktop/gitmac/mako-pr/src/rrr/reactor/reactor.cc:297] 2025-12-06 12:25:35.132 | PollThreadWorker::poll_loop wait 24001
I [/home/dp012/Desktop/gitmac/mako-pr/src/rrr/reactor/reactor.cc:297] 2025-12-06 12:25:36.261 | PollThreadWorker::poll_loop wait 25001
I [/home/dp012/Desktop/gitmac/mako-pr/src/rrr/reactor/reactor.cc:297] 2025-12-06 12:25:37.398 | PollThreadWorker::poll_loop wait 26001
I [/home/dp012/Desktop/gitmac/mako-pr/src/rrr/reactor/reactor.cc:297] 2025-12-06 12:25:38.556 | PollThreadWorker::poll_loop wait 27001
I [/home/dp012/Desktop/gitmac/mako-pr/src/rrr/reactor/reactor.cc:297] 2025-12-06 12:25:39.710 | PollThreadWorker::poll_loop wait 28001
I [/home/dp012/Desktop/gitmac/mako-pr/src/rrr/reactor/reactor.cc:297] 2025-12-06 12:25:40.844 | PollThreadWorker::poll_loop wait 29001
I [/home/dp012/Desktop/gitmac/mako-pr/src/rrr/reactor/reactor.cc:297] 2025-12-06 12:25:41.986 | PollThreadWorker::poll_loop wait 30001
I [/home/dp012/Desktop/gitmac/mako-pr/src/rrr/reactor/reactor.cc:297] 2025-12-06 12:25:43.117 | PollThreadWorker::poll_loop wait 31001
I [/home/dp012/Desktop/gitmac/mako-pr/src/rrr/reactor/reactor.cc:297] 2025-12-06 12:25:44.266 | PollThreadWorker::poll_loop wait 32001
I [/home/dp012/Desktop/gitmac/mako-pr/src/rrr/reactor/reactor.cc:297] 2025-12-06 12:25:45.434 | PollThreadWorker::poll_loop wait 33001
I [/home/dp012/Desktop/gitmac/mako-pr/src/rrr/reactor/reactor.cc:297] 2025-12-06 12:25:46.620 | PollThreadWorker::poll_loop wait 34001
I [/home/dp012/Desktop/gitmac/mako-pr/src/rrr/reactor/reactor.cc:297] 2025-12-06 12:25:47.777 | PollThreadWorker::poll_loop wait 35001
I [/home/dp012/Desktop/gitmac/mako-pr/src/rrr/reactor/reactor.cc:297] 2025-12-06 12:25:48.936 | PollThreadWorker::poll_loop wait 36001
I [/home/dp012/Desktop/gitmac/mako-pr/src/rrr/reactor/reactor.cc:297] 2025-12-06 12:25:50.085 | PollThreadWorker::poll_loop wait 37001
I [/home/dp012/Desktop/gitmac/mako-pr/src/rrr/reactor/reactor.cc:297] 2025-12-06 12:25:51.231 | PollThreadWorker::poll_loop wait 38001
I [/home/dp012/Desktop/gitmac/mako-pr/src/rrr/reactor/reactor.cc:297] 2025-12-06 12:25:52.367 | PollThreadWorker::poll_loop wait 39001
I [/home/dp012/Desktop/gitmac/mako-pr/src/rrr/reactor/reactor.cc:297] 2025-12-06 12:25:53.514 | PollThreadWorker::poll_loop wait 40001
I [/home/dp012/Desktop/gitmac/mako-pr/src/rrr/reactor/reactor.cc:297] 2025-12-06 12:25:54.645 | PollThreadWorker::poll_loop wait 41001
I [/home/dp012/Desktop/gitmac/mako-pr/src/rrr/reactor/reactor.cc:297] 2025-12-06 12:25:55.778 | PollThreadWorker::poll_loop wait 42001
I [/home/dp012/Desktop/gitmac/mako-pr/src/rrr/reactor/reactor.cc:297] 2025-12-06 12:25:56.925 | PollThreadWorker::poll_loop wait 43001
I [/home/dp012/Desktop/gitmac/mako-pr/src/rrr/reactor/reactor.cc:297] 2025-12-06 12:25:58.090 | PollThreadWorker::poll_loop wait 44001
I [/home/dp012/Desktop/gitmac/mako-pr/src/rrr/reactor/reactor.cc:297] 2025-12-06 12:25:59.272 | PollThreadWorker::poll_loop wait 45001
I [/home/dp012/Desktop/gitmac/mako-pr/src/rrr/reactor/reactor.cc:297] 2025-12-06 12:26:00.422 | PollThreadWorker::poll_loop wait 46001
I [/home/dp012/Desktop/gitmac/mako-pr/src/rrr/reactor/reactor.cc:297] 2025-12-06 12:26:01.567 | PollThreadWorker::poll_loop wait 47001
I [/home/dp012/Desktop/gitmac/mako-pr/src/rrr/reactor/reactor.cc:297] 2025-12-06 12:26:02.695 | PollThreadWorker::poll_loop wait 48001
I [/home/dp012/Desktop/gitmac/mako-pr/src/rrr/reactor/reactor.cc:297] 2025-12-06 12:26:03.822 | PollThreadWorker::poll_loop wait 49001
I [/home/dp012/Desktop/gitmac/mako-pr/src/rrr/reactor/reactor.cc:297] 2025-12-06 12:26:04.976 | PollThreadWorker::poll_loop wait 50001
I [/home/dp012/Desktop/gitmac/mako-pr/src/rrr/reactor/reactor.cc:297] 2025-12-06 12:26:06.121 | PollThreadWorker::poll_loop wait 51001
I [/home/dp012/Desktop/gitmac/mako-pr/src/rrr/reactor/reactor.cc:297] 2025-12-06 12:26:07.279 | PollThreadWorker::poll_loop wait 52001
I [/home/dp012/Desktop/gitmac/mako-pr/src/rrr/reactor/reactor.cc:297] 2025-12-06 12:26:08.431 | PollThreadWorker::poll_loop wait 53001
I [/home/dp012/Desktop/gitmac/mako-pr/src/rrr/reactor/reactor.cc:297] 2025-12-06 12:26:09.584 | PollThreadWorker::poll_loop wait 54001
I [/home/dp012/Desktop/gitmac/mako-pr/src/rrr/reactor/reactor.cc:297] 2025-12-06 12:26:10.745 | PollThreadWorker::poll_loop wait 55001
I [/home/dp012/Desktop/gitmac/mako-pr/src/rrr/reactor/reactor.cc:297] 2025-12-06 12:26:11.875 | PollThreadWorker::poll_loop wait 56001
I [/home/dp012/Desktop/gitmac/mako-pr/src/rrr/reactor/reactor.cc:297] 2025-12-06 12:26:12.997 | PollThreadWorker::poll_loop wait 57001
I [/home/dp012/Desktop/gitmac/mako-pr/src/rrr/reactor/reactor.cc:297] 2025-12-06 12:26:14.166 | PollThreadWorker::poll_loop wait 58001
I [/home/dp012/Desktop/gitmac/mako-pr/src/rrr/reactor/reactor.cc:297] 2025-12-06 12:26:15.335 | PollThreadWorker::poll_loop wait 59001
I [/home/dp012/Desktop/gitmac/mako-pr/src/rrr/reactor/reactor.cc:297] 2025-12-06 12:26:16.495 | PollThreadWorker::poll_loop wait 60001
I [/home/dp012/Desktop/gitmac/mako-pr/src/rrr/reactor/reactor.cc:297] 2025-12-06 12:26:17.640 | PollThreadWorker::poll_loop wait 61001
I [/home/dp012/Desktop/gitmac/mako-pr/src/rrr/reactor/reactor.cc:297] 2025-12-06 12:26:18.776 | PollThreadWorker::poll_loop wait 62001
I [/home/dp012/Desktop/gitmac/mako-pr/src/rrr/reactor/reactor.cc:297] 2025-12-06 12:26:19.894 | PollThreadWorker::poll_loop wait 63001
I [/home/dp012/Desktop/gitmac/mako-pr/src/rrr/reactor/reactor.cc:297] 2025-12-06 12:26:21.010 | PollThreadWorker::poll_loop wait 64001
I [/home/dp012/Desktop/gitmac/mako-pr/src/rrr/reactor/reactor.cc:297] 2025-12-06 12:26:22.126 | PollThreadWorker::poll_loop wait 65001
I [/home/dp012/Desktop/gitmac/mako-pr/src/rrr/reactor/reactor.cc:297] 2025-12-06 12:26:23.278 | PollThreadWorker::poll_loop wait 66001
I [/home/dp012/Desktop/gitmac/mako-pr/src/rrr/reactor/reactor.cc:297] 2025-12-06 12:26:24.394 | PollThreadWorker::poll_loop wait 67001
I [/home/dp012/Desktop/gitmac/mako-pr/src/rrr/reactor/reactor.cc:297] 2025-12-06 12:26:25.495 | PollThreadWorker::poll_loop wait 68001
I [/home/dp012/Desktop/gitmac/mako-pr/src/rrr/reactor/reactor.cc:297] 2025-12-06 12:26:26.631 | PollThreadWorker::poll_loop wait 69001
I [/home/dp012/Desktop/gitmac/mako-pr/src/rrr/reactor/reactor.cc:297] 2025-12-06 12:26:27.749 | PollThreadWorker::poll_loop wait 70001
I [/home/dp012/Desktop/gitmac/mako-pr/src/rrr/reactor/reactor.cc:297] 2025-12-06 12:26:28.855 | PollThreadWorker::poll_loop wait 71001
I [/home/dp012/Desktop/gitmac/mako-pr/src/rrr/reactor/reactor.cc:297] 2025-12-06 12:26:29.967 | PollThreadWorker::poll_loop wait 72001
I [/home/dp012/Desktop/gitmac/mako-pr/src/rrr/reactor/reactor.cc:297] 2025-12-06 12:26:31.078 | PollThreadWorker::poll_loop wait 73001
I [/home/dp012/Desktop/gitmac/mako-pr/src/rrr/reactor/reactor.cc:297] 2025-12-06 12:26:32.189 | PollThreadWorker::poll_loop wait 74001
I [/home/dp012/Desktop/gitmac/mako-pr/src/rrr/reactor/reactor.cc:297] 2025-12-06 12:26:33.288 | PollThreadWorker::poll_loop wait 75001
I [/home/dp012/Desktop/gitmac/mako-pr/src/rrr/reactor/reactor.cc:297] 2025-12-06 12:26:34.404 | PollThreadWorker::poll_loop wait 76001
I [/home/dp012/Desktop/gitmac/mako-pr/src/rrr/reactor/reactor.cc:297] 2025-12-06 12:26:35.548 | PollThreadWorker::poll_loop wait 77001
I [/home/dp012/Desktop/gitmac/mako-pr/src/rrr/reactor/reactor.cc:297] 2025-12-06 12:26:36.663 | PollThreadWorker::poll_loop wait 78001
I [/home/dp012/Desktop/gitmac/mako-pr/src/rrr/reactor/reactor.cc:297] 2025-12-06 12:26:37.788 | PollThreadWorker::poll_loop wait 79001
I [/home/dp012/Desktop/gitmac/mako-pr/src/rrr/reactor/reactor.cc:297] 2025-12-06 12:26:38.926 | PollThreadWorker::poll_loop wait 80001
I [/home/dp012/Desktop/gitmac/mako-pr/src/rrr/reactor/reactor.cc:297] 2025-12-06 12:26:40.054 | PollThreadWorker::poll_loop wait 81001
I [/home/dp012/Desktop/gitmac/mako-pr/src/rrr/reactor/reactor.cc:297] 2025-12-06 12:26:41.204 | PollThreadWorker::poll_loop wait 82001
I [/home/dp012/Desktop/gitmac/mako-pr/src/rrr/reactor/reactor.cc:297] 2025-12-06 12:26:42.329 | PollThreadWorker::poll_loop wait 83001
I [/home/dp012/Desktop/gitmac/mako-pr/src/rrr/reactor/reactor.cc:297] 2025-12-06 12:26:43.450 | PollThreadWorker::poll_loop wait 84001
I [/home/dp012/Desktop/gitmac/mako-pr/src/rrr/reactor/reactor.cc:297] 2025-12-06 12:26:44.572 | PollThreadWorker::poll_loop wait 85001
I [/home/dp012/Desktop/gitmac/mako-pr/src/rrr/reactor/reactor.cc:297] 2025-12-06 12:26:45.704 | PollThreadWorker::poll_loop wait 86001
I [/home/dp012/Desktop/gitmac/mako-pr/src/rrr/reactor/reactor.cc:297] 2025-12-06 12:26:46.818 | PollThreadWorker::poll_loop wait 87001
I [/home/dp012/Desktop/gitmac/mako-pr/src/rrr/reactor/reactor.cc:297] 2025-12-06 12:26:47.913 | PollThreadWorker::poll_loop wait 88001
I [/home/dp012/Desktop/gitmac/mako-pr/src/rrr/reactor/reactor.cc:297] 2025-12-06 12:26:49.014 | PollThreadWorker::poll_loop wait 89001
I [/home/dp012/Desktop/gitmac/mako-pr/src/rrr/reactor/reactor.cc:297] 2025-12-06 12:26:50.132 | PollThreadWorker::poll_loop wait 90001
I [/home/dp012/Desktop/gitmac/mako-pr/src/rrr/reactor/reactor.cc:297] 2025-12-06 12:26:51.254 | PollThreadWorker::poll_loop wait 91001
I [/home/dp012/Desktop/gitmac/mako-pr/src/rrr/reactor/reactor.cc:297] 2025-12-06 12:26:52.348 | PollThreadWorker::poll_loop wait 92001
I [/home/dp012/Desktop/gitmac/mako-pr/src/rrr/reactor/reactor.cc:297] 2025-12-06 12:26:53.447 | PollThreadWorker::poll_loop wait 93001
I [/home/dp012/Desktop/gitmac/mako-pr/src/rrr/reactor/reactor.cc:297] 2025-12-06 12:26:54.564 | PollThreadWorker::poll_loop wait 94001
I [/home/dp012/Desktop/gitmac/mako-pr/src/rrr/reactor/reactor.cc:297] 2025-12-06 12:26:55.667 | PollThreadWorker::poll_loop wait 95001
I [/home/dp012/Desktop/gitmac/mako-pr/src/rrr/reactor/reactor.cc:297] 2025-12-06 12:26:56.767 | PollThreadWorker::poll_loop wait 96001
I [/home/dp012/Desktop/gitmac/mako-pr/src/rrr/reactor/reactor.cc:297] 2025-12-06 12:26:57.889 | PollThreadWorker::poll_loop wait 97001
I [/home/dp012/Desktop/gitmac/mako-pr/src/rrr/reactor/reactor.cc:297] 2025-12-06 12:26:59.017 | PollThreadWorker::poll_loop wait 98001
I [/home/dp012/Desktop/gitmac/mako-pr/src/rrr/reactor/reactor.cc:297] 2025-12-06 12:27:00.131 | PollThreadWorker::poll_loop wait 99001
I [/home/dp012/Desktop/gitmac/mako-pr/src/rrr/reactor/reactor.cc:297] 2025-12-06 12:27:01.242 | PollThreadWorker::poll_loop wait 100001
I [/home/dp012/Desktop/gitmac/mako-pr/src/rrr/reactor/reactor.cc:297] 2025-12-06 12:27:02.363 | PollThreadWorker::poll_loop wait 101001
I [/home/dp012/Desktop/gitmac/mako-pr/src/rrr/reactor/reactor.cc:297] 2025-12-06 12:27:03.494 | PollThreadWorker::poll_loop wait 102001
I [/home/dp012/Desktop/gitmac/mako-pr/src/rrr/reactor/reactor.cc:297] 2025-12-06 12:27:04.608 | PollThreadWorker::poll_loop wait 103001
I [/home/dp012/Desktop/gitmac/mako-pr/src/rrr/reactor/reactor.cc:297] 2025-12-06 12:27:05.719 | PollThreadWorker::poll_loop wait 104001
I [/home/dp012/Desktop/gitmac/mako-pr/src/rrr/reactor/reactor.cc:297] 2025-12-06 12:27:06.867 | PollThreadWorker::poll_loop wait 105001
I [/home/dp012/Desktop/gitmac/mako-pr/src/rrr/reactor/reactor.cc:297] 2025-12-06 12:27:07.983 | PollThreadWorker::poll_loop wait 106001
I [/home/dp012/Desktop/gitmac/mako-pr/src/rrr/reactor/reactor.cc:297] 2025-12-06 12:27:09.092 | PollThreadWorker::poll_loop wait 107001
I [/home/dp012/Desktop/gitmac/mako-pr/src/rrr/reactor/reactor.cc:297] 2025-12-06 12:27:10.202 | PollThreadWorker::poll_loop wait 108001
I [/home/dp012/Desktop/gitmac/mako-pr/src/rrr/reactor/reactor.cc:297] 2025-12-06 12:27:11.335 | PollThreadWorker::poll_loop wait 109001
I [/home/dp012/Desktop/gitmac/mako-pr/src/rrr/reactor/reactor.cc:297] 2025-12-06 12:27:12.438 | PollThreadWorker::poll_loop wait 110001
I [/home/dp012/Desktop/gitmac/mako-pr/src/rrr/reactor/reactor.cc:297] 2025-12-06 12:27:13.554 | PollThreadWorker::poll_loop wait 111001
I [/home/dp012/Desktop/gitmac/mako-pr/src/rrr/reactor/reactor.cc:297] 2025-12-06 12:27:14.669 | PollThreadWorker::poll_loop wait 112001
I [/home/dp012/Desktop/gitmac/mako-pr/src/rrr/reactor/reactor.cc:297] 2025-12-06 12:27:15.783 | PollThreadWorker::poll_loop wait 113001
I [/home/dp012/Desktop/gitmac/mako-pr/src/rrr/reactor/reactor.cc:297] 2025-12-06 12:27:16.883 | PollThreadWorker::poll_loop wait 114001
I [/home/dp012/Desktop/gitmac/mako-pr/src/rrr/reactor/reactor.cc:297] 2025-12-06 12:27:18.017 | PollThreadWorker::poll_loop wait 115001
I [/home/dp012/Desktop/gitmac/mako-pr/src/rrr/reactor/reactor.cc:297] 2025-12-06 12:27:19.132 | PollThreadWorker::poll_loop wait 116001
I [/home/dp012/Desktop/gitmac/mako-pr/src/rrr/reactor/reactor.cc:297] 2025-12-06 12:27:20.259 | PollThreadWorker::poll_loop wait 117001
I [/home/dp012/Desktop/gitmac/mako-pr/src/rrr/reactor/reactor.cc:297] 2025-12-06 12:27:21.386 | PollThreadWorker::poll_loop wait 118001
I [/home/dp012/Desktop/gitmac/mako-pr/src/rrr/reactor/reactor.cc:297] 2025-12-06 12:27:22.510 | PollThreadWorker::poll_loop wait 119001
I [/home/dp012/Desktop/gitmac/mako-pr/src/rrr/reactor/reactor.cc:297] 2025-12-06 12:27:23.649 | PollThreadWorker::poll_loop wait 120001
I [/home/dp012/Desktop/gitmac/mako-pr/src/rrr/reactor/reactor.cc:297] 2025-12-06 12:27:24.780 | PollThreadWorker::poll_loop wait 121001
I [/home/dp012/Desktop/gitmac/mako-pr/src/rrr/reactor/reactor.cc:297] 2025-12-06 12:27:25.919 | PollThreadWorker::poll_loop wait 122001
I [/home/dp012/Desktop/gitmac/mako-pr/src/rrr/reactor/reactor.cc:297] 2025-12-06 12:27:27.062 | PollThreadWorker::poll_loop wait 123001
I [/home/dp012/Desktop/gitmac/mako-pr/src/rrr/reactor/reactor.cc:297] 2025-12-06 12:27:28.215 | PollThreadWorker::poll_loop wait 124001
I [/home/dp012/Desktop/gitmac/mako-pr/src/rrr/reactor/reactor.cc:297] 2025-12-06 12:27:29.365 | PollThreadWorker::poll_loop wait 125001
I [/home/dp012/Desktop/gitmac/mako-pr/src/rrr/reactor/reactor.cc:297] 2025-12-06 12:27:30.500 | PollThreadWorker::poll_loop wait 126001
I [/home/dp012/Desktop/gitmac/mako-pr/src/rrr/reactor/reactor.cc:297] 2025-12-06 12:27:31.630 | PollThreadWorker::poll_loop wait 127001
I [/home/dp012/Desktop/gitmac/mako-pr/src/rrr/reactor/reactor.cc:297] 2025-12-06 12:27:32.757 | PollThreadWorker::poll_loop wait 128001
I [/home/dp012/Desktop/gitmac/mako-pr/src/rrr/reactor/reactor.cc:297] 2025-12-06 12:27:33.871 | PollThreadWorker::poll_loop wait 129001
I [/home/dp012/Desktop/gitmac/mako-pr/src/rrr/reactor/reactor.cc:297] 2025-12-06 12:27:34.998 | PollThreadWorker::poll_loop wait 130001
I [/home/dp012/Desktop/gitmac/mako-pr/src/rrr/reactor/reactor.cc:297] 2025-12-06 12:27:36.115 | PollThreadWorker::poll_loop wait 131001
I [/home/dp012/Desktop/gitmac/mako-pr/src/rrr/reactor/reactor.cc:297] 2025-12-06 12:27:37.252 | PollThreadWorker::poll_loop wait 132001
I [/home/dp012/Desktop/gitmac/mako-pr/src/rrr/reactor/reactor.cc:297] 2025-12-06 12:27:38.384 | PollThreadWorker::poll_loop wait 133001
I [/home/dp012/Desktop/gitmac/mako-pr/src/rrr/reactor/reactor.cc:297] 2025-12-06 12:27:39.515 | PollThreadWorker::poll_loop wait 134001
I [/home/dp012/Desktop/gitmac/mako-pr/src/rrr/reactor/reactor.cc:297] 2025-12-06 12:27:40.625 | PollThreadWorker::poll_loop wait 135001
I [/home/dp012/Desktop/gitmac/mako-pr/src/rrr/reactor/reactor.cc:297] 2025-12-06 12:27:41.758 | PollThreadWorker::poll_loop wait 136001
I [/home/dp012/Desktop/gitmac/mako-pr/src/rrr/reactor/reactor.cc:297] 2025-12-06 12:27:42.895 | PollThreadWorker::poll_loop wait 137001
I [/home/dp012/Desktop/gitmac/mako-pr/src/rrr/reactor/reactor.cc:297] 2025-12-06 12:27:44.019 | PollThreadWorker::poll_loop wait 138001
I [/home/dp012/Desktop/gitmac/mako-pr/src/rrr/reactor/reactor.cc:297] 2025-12-06 12:27:45.140 | PollThreadWorker::poll_loop wait 139001
I [/home/dp012/Desktop/gitmac/mako-pr/src/rrr/reactor/reactor.cc:297] 2025-12-06 12:27:46.285 | PollThreadWorker::poll_loop wait 140001
I [/home/dp012/Desktop/gitmac/mako-pr/src/rrr/reactor/reactor.cc:297] 2025-12-06 12:27:47.412 | PollThreadWorker::poll_loop wait 141001
I [/home/dp012/Desktop/gitmac/mako-pr/src/rrr/reactor/reactor.cc:297] 2025-12-06 12:27:48.541 | PollThreadWorker::poll_loop wait 142001
I [/home/dp012/Desktop/gitmac/mako-pr/src/rrr/reactor/reactor.cc:297] 2025-12-06 12:27:49.667 | PollThreadWorker::poll_loop wait 143001
I [/home/dp012/Desktop/gitmac/mako-pr/src/rrr/reactor/reactor.cc:297] 2025-12-06 12:27:50.795 | PollThreadWorker::poll_loop wait 144001
I [/home/dp012/Desktop/gitmac/mako-pr/src/rrr/reactor/reactor.cc:297] 2025-12-06 12:27:51.907 | PollThreadWorker::poll_loop wait 145001
I [/home/dp012/Desktop/gitmac/mako-pr/src/rrr/reactor/reactor.cc:297] 2025-12-06 12:27:53.009 | PollThreadWorker::poll_loop wait 146001
I [/home/dp012/Desktop/gitmac/mako-pr/src/rrr/reactor/reactor.cc:297] 2025-12-06 12:27:54.126 | PollThreadWorker::poll_loop wait 147001
I [/home/dp012/Desktop/gitmac/mako-pr/src/rrr/reactor/reactor.cc:297] 2025-12-06 12:27:55.230 | PollThreadWorker::poll_loop wait 148001
I [/home/dp012/Desktop/gitmac/mako-pr/src/rrr/reactor/reactor.cc:297] 2025-12-06 12:27:56.335 | PollThreadWorker::poll_loop wait 149001
I [/home/dp012/Desktop/gitmac/mako-pr/src/rrr/reactor/reactor.cc:297] 2025-12-06 12:27:57.481 | PollThreadWorker::poll_loop wait 150001
I [/home/dp012/Desktop/gitmac/mako-pr/src/rrr/reactor/reactor.cc:297] 2025-12-06 12:27:58.635 | PollThreadWorker::poll_loop wait 151001
I [/home/dp012/Desktop/gitmac/mako-pr/src/rrr/reactor/reactor.cc:297] 2025-12-06 12:27:59.779 | PollThreadWorker::poll_loop wait 152001
I [/home/dp012/Desktop/gitmac/mako-pr/src/rrr/reactor/reactor.cc:297] 2025-12-06 12:28:00.912 | PollThreadWorker::poll_loop wait 153001
I [/home/dp012/Desktop/gitmac/mako-pr/src/rrr/reactor/reactor.cc:297] 2025-12-06 12:28:02.039 | PollThreadWorker::poll_loop wait 154001
I [/home/dp012/Desktop/gitmac/mako-pr/src/rrr/reactor/reactor.cc:297] 2025-12-06 12:28:03.153 | PollThreadWorker::poll_loop wait 155001
I [/home/dp012/Desktop/gitmac/mako-pr/src/rrr/reactor/reactor.cc:297] 2025-12-06 12:28:04.297 | PollThreadWorker::poll_loop wait 156001
I [/home/dp012/Desktop/gitmac/mako-pr/src/rrr/reactor/reactor.cc:297] 2025-12-06 12:28:05.430 | PollThreadWorker::poll_loop wait 157001
I [/home/dp012/Desktop/gitmac/mako-pr/src/rrr/reactor/reactor.cc:297] 2025-12-06 12:28:06.552 | PollThreadWorker::poll_loop wait 158001
I [/home/dp012/Desktop/gitmac/mako-pr/src/rrr/reactor/reactor.cc:297] 2025-12-06 12:28:07.667 | PollThreadWorker::poll_loop wait 159001
I [/home/dp012/Desktop/gitmac/mako-pr/src/rrr/reactor/reactor.cc:297] 2025-12-06 12:28:08.774 | PollThreadWorker::poll_loop wait 160001
I [/home/dp012/Desktop/gitmac/mako-pr/src/rrr/reactor/reactor.cc:297] 2025-12-06 12:28:09.885 | PollThreadWorker::poll_loop wait 161001
I [/home/dp012/Desktop/gitmac/mako-pr/src/rrr/reactor/reactor.cc:297] 2025-12-06 12:28:11.005 | PollThreadWorker::poll_loop wait 162001
I [/home/dp012/Desktop/gitmac/mako-pr/src/rrr/reactor/reactor.cc:297] 2025-12-06 12:28:12.142 | PollThreadWorker::poll_loop wait 163001
I [/home/dp012/Desktop/gitmac/mako-pr/src/rrr/reactor/reactor.cc:297] 2025-12-06 12:28:13.261 | PollThreadWorker::poll_loop wait 164001
I [/home/dp012/Desktop/gitmac/mako-pr/src/rrr/reactor/reactor.cc:297] 2025-12-06 12:28:14.454 | PollThreadWorker::poll_loop wait 165001
I [/home/dp012/Desktop/gitmac/mako-pr/src/rrr/reactor/reactor.cc:297] 2025-12-06 12:28:15.588 | PollThreadWorker::poll_loop wait 166001
I [/home/dp012/Desktop/gitmac/mako-pr/src/rrr/reactor/reactor.cc:297] 2025-12-06 12:28:16.711 | PollThreadWorker::poll_loop wait 167001
I [/home/dp012/Desktop/gitmac/mako-pr/src/rrr/reactor/reactor.cc:297] 2025-12-06 12:28:17.838 | PollThreadWorker::poll_loop wait 168001
I [/home/dp012/Desktop/gitmac/mako-pr/src/rrr/reactor/reactor.cc:297] 2025-12-06 12:28:18.962 | PollThreadWorker::poll_loop wait 169001
I [/home/dp012/Desktop/gitmac/mako-pr/src/rrr/reactor/reactor.cc:297] 2025-12-06 12:28:20.076 | PollThreadWorker::poll_loop wait 170001
I [/home/dp012/Desktop/gitmac/mako-pr/src/rrr/reactor/reactor.cc:297] 2025-12-06 12:28:21.196 | PollThreadWorker::poll_loop wait 171001
I [/home/dp012/Desktop/gitmac/mako-pr/src/rrr/reactor/reactor.cc:297] 2025-12-06 12:28:22.316 | PollThreadWorker::poll_loop wait 172001
I [/home/dp012/Desktop/gitmac/mako-pr/src/rrr/reactor/reactor.cc:297] 2025-12-06 12:28:23.438 | PollThreadWorker::poll_loop wait 173001
I [/home/dp012/Desktop/gitmac/mako-pr/src/rrr/reactor/reactor.cc:297] 2025-12-06 12:28:24.582 | PollThreadWorker::poll_loop wait 174001
I [/home/dp012/Desktop/gitmac/mako-pr/src/rrr/reactor/reactor.cc:297] 2025-12-06 12:28:25.716 | PollThreadWorker::poll_loop wait 175001
I [/home/dp012/Desktop/gitmac/mako-pr/src/rrr/reactor/reactor.cc:297] 2025-12-06 12:28:26.849 | PollThreadWorker::poll_loop wait 176001
I [/home/dp012/Desktop/gitmac/mako-pr/src/rrr/reactor/reactor.cc:297] 2025-12-06 12:28:27.988 | PollThreadWorker::poll_loop wait 177001
I [/home/dp012/Desktop/gitmac/mako-pr/src/rrr/reactor/reactor.cc:297] 2025-12-06 12:28:29.125 | PollThreadWorker::poll_loop wait 178001
I [/home/dp012/Desktop/gitmac/mako-pr/src/rrr/reactor/reactor.cc:297] 2025-12-06 12:28:30.243 | PollThreadWorker::poll_loop wait 179001
I [/home/dp012/Desktop/gitmac/mako-pr/src/rrr/reactor/reactor.cc:297] 2025-12-06 12:28:31.361 | PollThreadWorker::poll_loop wait 180001
I [/home/dp012/Desktop/gitmac/mako-pr/src/rrr/reactor/reactor.cc:297] 2025-12-06 12:28:32.481 | PollThreadWorker::poll_loop wait 181001
I [/home/dp012/Desktop/gitmac/mako-pr/src/rrr/reactor/reactor.cc:297] 2025-12-06 12:28:33.609 | PollThreadWorker::poll_loop wait 182001
I [/home/dp012/Desktop/gitmac/mako-pr/src/rrr/reactor/reactor.cc:297] 2025-12-06 12:28:34.753 | PollThreadWorker::poll_loop wait 183001
I [/home/dp012/Desktop/gitmac/mako-pr/src/rrr/reactor/reactor.cc:297] 2025-12-06 12:28:35.886 | PollThreadWorker::poll_loop wait 184001
I [/home/dp012/Desktop/gitmac/mako-pr/src/rrr/reactor/reactor.cc:297] 2025-12-06 12:28:37.007 | PollThreadWorker::poll_loop wait 185001
I [/home/dp012/Desktop/gitmac/mako-pr/src/rrr/reactor/reactor.cc:297] 2025-12-06 12:28:38.157 | PollThreadWorker::poll_loop wait 186001
I [/home/dp012/Desktop/gitmac/mako-pr/src/rrr/reactor/reactor.cc:297] 2025-12-06 12:28:39.275 | PollThreadWorker::poll_loop wait 187001
I [/home/dp012/Desktop/gitmac/mako-pr/src/rrr/reactor/reactor.cc:297] 2025-12-06 12:28:40.394 | PollThreadWorker::poll_loop wait 188001
I [/home/dp012/Desktop/gitmac/mako-pr/src/rrr/reactor/reactor.cc:297] 2025-12-06 12:28:41.535 | PollThreadWorker::poll_loop wait 189001
I [/home/dp012/Desktop/gitmac/mako-pr/src/rrr/reactor/reactor.cc:297] 2025-12-06 12:28:42.653 | PollThreadWorker::poll_loop wait 190001
I [/home/dp012/Desktop/gitmac/mako-pr/src/rrr/reactor/reactor.cc:297] 2025-12-06 12:28:43.778 | PollThreadWorker::poll_loop wait 191001
I [/home/dp012/Desktop/gitmac/mako-pr/src/rrr/reactor/reactor.cc:297] 2025-12-06 12:28:44.958 | PollThreadWorker::poll_loop wait 192001
I [/home/dp012/Desktop/gitmac/mako-pr/src/rrr/reactor/reactor.cc:297] 2025-12-06 12:28:46.088 | PollThreadWorker::poll_loop wait 193001
I [/home/dp012/Desktop/gitmac/mako-pr/src/rrr/reactor/reactor.cc:297] 2025-12-06 12:28:47.215 | PollThreadWorker::poll_loop wait 194001
I [/home/dp012/Desktop/gitmac/mako-pr/src/rrr/reactor/reactor.cc:297] 2025-12-06 12:28:48.345 | PollThreadWorker::poll_loop wait 195001
I [/home/dp012/Desktop/gitmac/mako-pr/src/rrr/reactor/reactor.cc:297] 2025-12-06 12:28:49.482 | PollThreadWorker::poll_loop wait 196001
I [/home/dp012/Desktop/gitmac/mako-pr/src/rrr/reactor/reactor.cc:297] 2025-12-06 12:28:50.624 | PollThreadWorker::poll_loop wait 197001
I [/home/dp012/Desktop/gitmac/mako-pr/src/rrr/reactor/reactor.cc:297] 2025-12-06 12:28:51.762 | PollThreadWorker::poll_loop wait 198001
I [/home/dp012/Desktop/gitmac/mako-pr/src/rrr/reactor/reactor.cc:297] 2025-12-06 12:28:52.886 | PollThreadWorker::poll_loop wait 199001
I [/home/dp012/Desktop/gitmac/mako-pr/src/rrr/reactor/reactor.cc:297] 2025-12-06 12:28:54.029 | PollThreadWorker::poll_loop wait 200001
I [/home/dp012/Desktop/gitmac/mako-pr/src/rrr/reactor/reactor.cc:297] 2025-12-06 12:28:55.162 | PollThreadWorker::poll_loop wait 201001
I [/home/dp012/Desktop/gitmac/mako-pr/src/rrr/reactor/reactor.cc:297] 2025-12-06 12:28:56.300 | PollThreadWorker::poll_loop wait 202001
I [/home/dp012/Desktop/gitmac/mako-pr/src/rrr/reactor/reactor.cc:297] 2025-12-06 12:28:57.427 | PollThreadWorker::poll_loop wait 203001
I [/home/dp012/Desktop/gitmac/mako-pr/src/rrr/reactor/reactor.cc:297] 2025-12-06 12:28:58.551 | PollThreadWorker::poll_loop wait 204001
I [/home/dp012/Desktop/gitmac/mako-pr/src/rrr/reactor/reactor.cc:297] 2025-12-06 12:28:59.688 | PollThreadWorker::poll_loop wait 205001
I [/home/dp012/Desktop/gitmac/mako-pr/src/rrr/reactor/reactor.cc:297] 2025-12-06 12:29:00.844 | PollThreadWorker::poll_loop wait 206001
I [/home/dp012/Desktop/gitmac/mako-pr/src/rrr/reactor/reactor.cc:297] 2025-12-06 12:29:02.015 | PollThreadWorker::poll_loop wait 207001
I [/home/dp012/Desktop/gitmac/mako-pr/src/rrr/reactor/reactor.cc:297] 2025-12-06 12:29:03.192 | PollThreadWorker::poll_loop wait 208001
I [/home/dp012/Desktop/gitmac/mako-pr/src/rrr/reactor/reactor.cc:297] 2025-12-06 12:29:04.361 | PollThreadWorker::poll_loop wait 209001
I [/home/dp012/Desktop/gitmac/mako-pr/src/rrr/reactor/reactor.cc:297] 2025-12-06 12:29:05.522 | PollThreadWorker::poll_loop wait 210001
I [/home/dp012/Desktop/gitmac/mako-pr/src/rrr/reactor/reactor.cc:297] 2025-12-06 12:29:06.651 | PollThreadWorker::poll_loop wait 211001
I [/home/dp012/Desktop/gitmac/mako-pr/src/rrr/reactor/reactor.cc:297] 2025-12-06 12:29:07.779 | PollThreadWorker::poll_loop wait 212001
I [/home/dp012/Desktop/gitmac/mako-pr/src/rrr/reactor/reactor.cc:297] 2025-12-06 12:29:08.915 | PollThreadWorker::poll_loop wait 213001
I [/home/dp012/Desktop/gitmac/mako-pr/src/rrr/reactor/reactor.cc:297] 2025-12-06 12:29:10.058 | PollThreadWorker::poll_loop wait 214001
I [/home/dp012/Desktop/gitmac/mako-pr/src/rrr/reactor/reactor.cc:297] 2025-12-06 12:29:11.218 | PollThreadWorker::poll_loop wait 215001
I [/home/dp012/Desktop/gitmac/mako-pr/src/rrr/reactor/reactor.cc:297] 2025-12-06 12:29:12.379 | PollThreadWorker::poll_loop wait 216001
I [/home/dp012/Desktop/gitmac/mako-pr/src/rrr/reactor/reactor.cc:297] 2025-12-06 12:29:13.515 | PollThreadWorker::poll_loop wait 217001
I [/home/dp012/Desktop/gitmac/mako-pr/src/rrr/reactor/reactor.cc:297] 2025-12-06 12:29:14.662 | PollThreadWorker::poll_loop wait 218001
I [/home/dp012/Desktop/gitmac/mako-pr/src/rrr/reactor/reactor.cc:297] 2025-12-06 12:29:15.810 | PollThreadWorker::poll_loop wait 219001
I [/home/dp012/Desktop/gitmac/mako-pr/src/rrr/reactor/reactor.cc:297] 2025-12-06 12:29:16.965 | PollThreadWorker::poll_loop wait 220001
I [/home/dp012/Desktop/gitmac/mako-pr/src/rrr/reactor/reactor.cc:297] 2025-12-06 12:29:18.113 | PollThreadWorker::poll_loop wait 221001
I [/home/dp012/Desktop/gitmac/mako-pr/src/rrr/reactor/reactor.cc:297] 2025-12-06 12:29:19.261 | PollThreadWorker::poll_loop wait 222001
I [/home/dp012/Desktop/gitmac/mako-pr/src/rrr/reactor/reactor.cc:297] 2025-12-06 12:29:20.414 | PollThreadWorker::poll_loop wait 223001
I [/home/dp012/Desktop/gitmac/mako-pr/src/rrr/reactor/reactor.cc:297] 2025-12-06 12:29:21.556 | PollThreadWorker::poll_loop wait 224001
I [/home/dp012/Desktop/gitmac/mako-pr/src/rrr/reactor/reactor.cc:297] 2025-12-06 12:29:22.694 | PollThreadWorker::poll_loop wait 225001
I [/home/dp012/Desktop/gitmac/mako-pr/src/rrr/reactor/reactor.cc:297] 2025-12-06 12:29:23.832 | PollThreadWorker::poll_loop wait 226001
I [/home/dp012/Desktop/gitmac/mako-pr/src/rrr/reactor/reactor.cc:297] 2025-12-06 12:29:24.989 | PollThreadWorker::poll_loop wait 227001
I [/home/dp012/Desktop/gitmac/mako-pr/src/rrr/reactor/reactor.cc:297] 2025-12-06 12:29:26.133 | PollThreadWorker::poll_loop wait 228001
I [/home/dp012/Desktop/gitmac/mako-pr/src/rrr/reactor/reactor.cc:297] 2025-12-06 12:29:27.256 | PollThreadWorker::poll_loop wait 229001
I [/home/dp012/Desktop/gitmac/mako-pr/src/rrr/reactor/reactor.cc:297] 2025-12-06 12:29:28.386 | PollThreadWorker::poll_loop wait 230001
I [/home/dp012/Desktop/gitmac/mako-pr/src/rrr/reactor/reactor.cc:297] 2025-12-06 12:29:29.520 | PollThreadWorker::poll_loop wait 231001
I [/home/dp012/Desktop/gitmac/mako-pr/src/rrr/reactor/reactor.cc:297] 2025-12-06 12:29:30.666 | PollThreadWorker::poll_loop wait 232001
I [/home/dp012/Desktop/gitmac/mako-pr/src/rrr/reactor/reactor.cc:297] 2025-12-06 12:29:31.799 | PollThreadWorker::poll_loop wait 233001
I [/home/dp012/Desktop/gitmac/mako-pr/src/rrr/reactor/reactor.cc:297] 2025-12-06 12:29:32.927 | PollThreadWorker::poll_loop wait 234001
I [/home/dp012/Desktop/gitmac/mako-pr/src/rrr/reactor/reactor.cc:297] 2025-12-06 12:29:34.050 | PollThreadWorker::poll_loop wait 235001
I [/home/dp012/Desktop/gitmac/mako-pr/src/rrr/reactor/reactor.cc:297] 2025-12-06 12:29:35.177 | PollThreadWorker::poll_loop wait 236001
I [/home/dp012/Desktop/gitmac/mako-pr/src/rrr/reactor/reactor.cc:297] 2025-12-06 12:29:36.324 | PollThreadWorker::poll_loop wait 237001
I [/home/dp012/Desktop/gitmac/mako-pr/src/rrr/reactor/reactor.cc:297] 2025-12-06 12:29:37.456 | PollThreadWorker::poll_loop wait 238001
I [/home/dp012/Desktop/gitmac/mako-pr/src/rrr/reactor/reactor.cc:297] 2025-12-06 12:29:38.570 | PollThreadWorker::poll_loop wait 239001
I [/home/dp012/Desktop/gitmac/mako-pr/src/rrr/reactor/reactor.cc:297] 2025-12-06 12:29:39.694 | PollThreadWorker::poll_loop wait 240001
I [/home/dp012/Desktop/gitmac/mako-pr/src/rrr/reactor/reactor.cc:297] 2025-12-06 12:29:40.823 | PollThreadWorker::poll_loop wait 241001
I [/home/dp012/Desktop/gitmac/mako-pr/src/rrr/reactor/reactor.cc:297] 2025-12-06 12:29:41.938 | PollThreadWorker::poll_loop wait 242001
I [/home/dp012/Desktop/gitmac/mako-pr/src/rrr/reactor/reactor.cc:297] 2025-12-06 12:29:43.050 | PollThreadWorker::poll_loop wait 243001
I [/home/dp012/Desktop/gitmac/mako-pr/src/rrr/reactor/reactor.cc:297] 2025-12-06 12:29:44.168 | PollThreadWorker::poll_loop wait 244001
I [/home/dp012/Desktop/gitmac/mako-pr/src/rrr/reactor/reactor.cc:297] 2025-12-06 12:29:45.287 | PollThreadWorker::poll_loop wait 245001
I [/home/dp012/Desktop/gitmac/mako-pr/src/rrr/reactor/reactor.cc:297] 2025-12-06 12:29:46.384 | PollThreadWorker::poll_loop wait 246001
I [/home/dp012/Desktop/gitmac/mako-pr/src/rrr/reactor/reactor.cc:297] 2025-12-06 12:29:47.473 | PollThreadWorker::poll_loop wait 247001
I [/home/dp012/Desktop/gitmac/mako-pr/src/rrr/reactor/reactor.cc:297] 2025-12-06 12:29:48.613 | PollThreadWorker::poll_loop wait 248001
I [/home/dp012/Desktop/gitmac/mako-pr/src/rrr/reactor/reactor.cc:297] 2025-12-06 12:29:49.719 | PollThreadWorker::poll_loop wait 249001
I [/home/dp012/Desktop/gitmac/mako-pr/src/rrr/reactor/reactor.cc:297] 2025-12-06 12:29:50.830 | PollThreadWorker::poll_loop wait 250001
I [/home/dp012/Desktop/gitmac/mako-pr/src/rrr/reactor/reactor.cc:297] 2025-12-06 12:29:51.981 | PollThreadWorker::poll_loop wait 251001
I [/home/dp012/Desktop/gitmac/mako-pr/src/rrr/reactor/reactor.cc:297] 2025-12-06 12:29:53.086 | PollThreadWorker::poll_loop wait 252001
I [/home/dp012/Desktop/gitmac/mako-pr/src/rrr/reactor/reactor.cc:297] 2025-12-06 12:29:54.208 | PollThreadWorker::poll_loop wait 253001
I [/home/dp012/Desktop/gitmac/mako-pr/src/rrr/reactor/reactor.cc:297] 2025-12-06 12:29:55.313 | PollThreadWorker::poll_loop wait 254001
I [/home/dp012/Desktop/gitmac/mako-pr/src/rrr/reactor/reactor.cc:297] 2025-12-06 12:29:56.427 | PollThreadWorker::poll_loop wait 255001
I [/home/dp012/Desktop/gitmac/mako-pr/src/rrr/reactor/reactor.cc:297] 2025-12-06 12:29:57.575 | PollThreadWorker::poll_loop wait 256001
I [/home/dp012/Desktop/gitmac/mako-pr/src/rrr/reactor/reactor.cc:297] 2025-12-06 12:29:58.693 | PollThreadWorker::poll_loop wait 257001
I [/home/dp012/Desktop/gitmac/mako-pr/src/rrr/reactor/reactor.cc:297] 2025-12-06 12:29:59.804 | PollThreadWorker::poll_loop wait 258001
I [/home/dp012/Desktop/gitmac/mako-pr/src/rrr/reactor/reactor.cc:297] 2025-12-06 12:30:00.920 | PollThreadWorker::poll_loop wait 259001
I [/home/dp012/Desktop/gitmac